Archive member included to satisfy reference by file (symbol)

Libraries\libmax32600.a(startup_max32600.o)
                              (Reset_Handler)
Libraries\libmax32600.a(system_max32600.o)
                              Libraries\libmax32600.a(startup_max32600.o) (DebugMon_Handler)
Libraries\libmax32600.a(adc.o)
                              ./Build/MAXREFDES73.o (ADC_CaptureConfig)
Libraries\libmax32600.a(afe.o)
                              ./Build/MAXREFDES73.o (AFE_OpAmpSetup)
Libraries\libmax32600.a(clkman.o)
                              ./Build/MAXREFDES73.o (CLKMAN_TrimRO_Start)
Libraries\libmax32600.a(dac.o)
                              ./Build/MAXREFDES73.o (DAC_Enable)
Libraries\libmax32600.a(gpio.o)
                              ./Build/MAXREFDES73.o (GPIO_SetOutMode)
Libraries\libmax32600.a(icc.o)
                              ./Build/MAXREFDES73.o (ICC_Enable)
Libraries\libmax32600.a(nvic_table.o)
                              Libraries\libmax32600.a(gpio.o) (NVIC_SetVector)
Libraries\libmax32600.a(pmu.o)
                              Libraries\libmax32600.a(adc.o) (PMU_GetChannel)
Libraries\libmax32600.a(power.o)
                              ./Build/MAXREFDES73.o (PWR_ClearFlags)
Libraries\libmax32600.a(rtc.o)
                              ./Build/fit_main.o (RTC_GetVal)
Libraries\libmax32600.a(spi.o)
                              ./Build/MAXREFDES73.o (SPI_Config)
Libraries\libmax32600.a(systick.o)
                              ./Build/hrps_main.o (SysTick_Wait)
Libraries\libmax32600.a(tmon.o)
                              ./Build/MAXREFDES73.o (TMON_SetCurrent)
Libraries\libmax32600.a(tmr.o)
                              ./Build/MAXREFDES73.o (TMR32_PeriodToTicks)
c:/program files (x86)/gnu tools arm embedded/5.3 2016q1/bin/../lib/gcc/arm-none-eabi/5.3.1/../../../../arm-none-eabi/lib/armv7-m\libc.a(lib_a-memcmp.o)
                              ./Build/app_db.o (memcmp)
c:/program files (x86)/gnu tools arm embedded/5.3 2016q1/bin/../lib/gcc/arm-none-eabi/5.3.1/../../../../arm-none-eabi/lib/armv7-m\libc.a(lib_a-memcpy.o)
                              ./Build/app_disc.o (memcpy)
c:/program files (x86)/gnu tools arm embedded/5.3 2016q1/bin/../lib/gcc/arm-none-eabi/5.3.1/../../../../arm-none-eabi/lib/armv7-m\libc.a(lib_a-memset.o)
                              ./Build/app_disc.o (memset)
c:/program files (x86)/gnu tools arm embedded/5.3 2016q1/bin/../lib/gcc/arm-none-eabi/5.3.1/../../../../arm-none-eabi/lib/armv7-m\libc.a(lib_a-puts.o)
                              ./Build/wsf_trace.o (puts)
c:/program files (x86)/gnu tools arm embedded/5.3 2016q1/bin/../lib/gcc/arm-none-eabi/5.3.1/../../../../arm-none-eabi/lib/armv7-m\libc.a(lib_a-strlen-stub.o)
                              c:/program files (x86)/gnu tools arm embedded/5.3 2016q1/bin/../lib/gcc/arm-none-eabi/5.3.1/../../../../arm-none-eabi/lib/armv7-m\libc.a(lib_a-puts.o) (strlen)
c:/program files (x86)/gnu tools arm embedded/5.3 2016q1/bin/../lib/gcc/arm-none-eabi/5.3.1/../../../../arm-none-eabi/lib/armv7-m\libc.a(lib_a-vprintf.o)
                              ./Build/wsf_trace.o (vprintf)
c:/program files (x86)/gnu tools arm embedded/5.3 2016q1/bin/../lib/gcc/arm-none-eabi/5.3.1/../../../../arm-none-eabi/lib/armv7-m\libc.a(lib_a-findfp.o)
                              c:/program files (x86)/gnu tools arm embedded/5.3 2016q1/bin/../lib/gcc/arm-none-eabi/5.3.1/../../../../arm-none-eabi/lib/armv7-m\libc.a(lib_a-puts.o) (__sinit)
c:/program files (x86)/gnu tools arm embedded/5.3 2016q1/bin/../lib/gcc/arm-none-eabi/5.3.1/../../../../arm-none-eabi/lib/armv7-m\libc.a(lib_a-fvwrite.o)
                              c:/program files (x86)/gnu tools arm embedded/5.3 2016q1/bin/../lib/gcc/arm-none-eabi/5.3.1/../../../../arm-none-eabi/lib/armv7-m\libc.a(lib_a-puts.o) (__sfvwrite_r)
c:/program files (x86)/gnu tools arm embedded/5.3 2016q1/bin/../lib/gcc/arm-none-eabi/5.3.1/../../../../arm-none-eabi/lib/armv7-m\libc.a(lib_a-fwalk.o)
                              c:/program files (x86)/gnu tools arm embedded/5.3 2016q1/bin/../lib/gcc/arm-none-eabi/5.3.1/../../../../arm-none-eabi/lib/armv7-m\libc.a(lib_a-findfp.o) (_fwalk)
c:/program files (x86)/gnu tools arm embedded/5.3 2016q1/bin/../lib/gcc/arm-none-eabi/5.3.1/../../../../arm-none-eabi/lib/armv7-m\libc.a(lib_a-impure.o)
                              c:/program files (x86)/gnu tools arm embedded/5.3 2016q1/bin/../lib/gcc/arm-none-eabi/5.3.1/../../../../arm-none-eabi/lib/armv7-m\libc.a(lib_a-findfp.o) (_global_impure_ptr)
c:/program files (x86)/gnu tools arm embedded/5.3 2016q1/bin/../lib/gcc/arm-none-eabi/5.3.1/../../../../arm-none-eabi/lib/armv7-m\libc.a(lib_a-mallocr.o)
                              c:/program files (x86)/gnu tools arm embedded/5.3 2016q1/bin/../lib/gcc/arm-none-eabi/5.3.1/../../../../arm-none-eabi/lib/armv7-m\libc.a(lib_a-findfp.o) (_malloc_r)
[...]
Memory Configuration

Name             Origin             Length             Attributes
FLASH            0x00000000         0x00040000         xr
SRAM             0x20000000         0x00008000         xrw
*default*        0x00000000         0xffffffff

Linker script and memory map

START GROUP
LOAD Libraries\libmax32600.a
LOAD c:/program files (x86)/gnu tools arm embedded/5.3 2016q1/bin/../lib/gcc/arm-none-eabi/5.3.1/../../../../arm-none-eabi/lib/armv7-m\libc.a
LOAD ./BLE_Wicentric\libstacklib.a
LOAD c:/program files (x86)/gnu tools arm embedded/5.3 2016q1/bin/../lib/gcc/arm-none-eabi/5.3.1/../../../../arm-none-eabi/lib/armv7-m\libm.a
END GROUP
LOAD ./Build/app_disc.o
LOAD ./Build/app_main.o
LOAD ./Build/app_server.o
LOAD ./Build/app_slave.o
LOAD ./Build/app_db.o
LOAD ./Build/app_hw.o
LOAD ./Build/app_ui.o
LOAD ./Build/hci_cmd.o
LOAD ./Build/hci_core.o
LOAD ./Build/hci_evt.o
LOAD ./Build/hci_tr.o
LOAD ./Build/hci_vs.o
LOAD ./Build/hci_drv.o
LOAD ./Build/bas_main.o
LOAD ./Build/hrps_main.o
LOAD ./Build/svc_batt.o
LOAD ./Build/svc_bps.o
LOAD ./Build/svc_core.o
LOAD ./Build/svc_dis.o
LOAD ./Build/svc_gls.o
LOAD ./Build/svc_hrs.o
LOAD ./Build/svc_hts.o
LOAD ./Build/svc_px.o
LOAD ./Build/svc_wp.o
LOAD ./Build/svc_wss.o
LOAD ./Build/svc_hid.o
LOAD ./Build/cfg_stack.o
LOAD ./Build/hci_main.o
LOAD ./Build/wsf_buf.o
LOAD ./Build/wsf_msg.o
LOAD ./Build/wsf_queue.o
LOAD ./Build/wsf_sec.o
LOAD ./Build/wsf_timer.o
LOAD ./Build/wsf_assert.o
LOAD ./Build/wsf_os.o
LOAD ./Build/wsf_trace.o
LOAD ./Build/MAXREFDES73.o
LOAD ./Build/fit_main.o
START GROUP
LOAD Libraries\libmax32600.a
LOAD c:/program files (x86)/gnu tools arm embedded/5.3 2016q1/bin/../lib/gcc/arm-none-eabi/5.3.1/../../../../arm-none-eabi/lib/armv7-m\libc.a
LOAD ./BLE_Wicentric\libstacklib.a
LOAD c:/program files (x86)/gnu tools arm embedded/5.3 2016q1/bin/../lib/gcc/arm-none-eabi/5.3.1/../../../../arm-none-eabi/lib/armv7-m\libm.a
END GROUP
START GROUP
LOAD c:/program files (x86)/gnu tools arm embedded/5.3 2016q1/bin/../lib/gcc/arm-none-eabi/5.3.1/armv7-m\libgcc.a
LOAD c:/program files (x86)/gnu tools arm embedded/5.3 2016q1/bin/../lib/gcc/arm-none-eabi/5.3.1/../../../../arm-none-eabi/lib/armv7-m\libg.a
LOAD c:/program files (x86)/gnu tools arm embedded/5.3 2016q1/bin/../lib/gcc/arm-none-eabi/5.3.1/../../../../arm-none-eabi/lib/armv7-m\libc.a
END GROUP

.text           0x00000000    0x12370
                0x00000000                _text = .
 *(.isr_vector)
 .isr_vector    0x00000000       0xfc Libraries\libmax32600.a(startup_max32600.o)
                0x00000000                __isr_vector
 *(.text*)
 .text          0x000000fc       0xa4 Libraries\libmax32600.a(startup_max32600.o)
                0x000000fc                Reset_Handler
                0x0000012e                UART0_IRQHandler
                0x00000130                UART1_IRQHandler
                0x00000132                I2CM0_IRQHandler
                0x00000134                I2CS_IRQHandler
                0x00000136                USB_IRQHandler
                0x0000013c                MAA_IRQHandler
                0x0000013e                AES_IRQHandler
                0x00000146                TMR0_IRQHandler
                0x00000148                TMR1_IRQHandler
                0x0000014a                TMR2_IRQHandler
                0x0000014c                TMR3_IRQHandler
                0x0000014e                RSVD0_IRQHandler
                0x00000150                RSVD1_IRQHandler
                0x00000152                DAC0_IRQHandler
                0x00000154                DAC1_IRQHandler
                0x00000156                DAC2_IRQHandler
                0x00000158                DAC3_IRQHandler
                0x0000015a                ADC_IRQHandler
                0x0000015c                FLC_IRQHandler
                0x0000015e                PWRMAN_IRQHandler
                0x00000160                CLKMAN_IRQHandler
                0x0000016a                WDT0_IRQHandler
                0x0000016c                WDT0_P_IRQHandler
                0x0000016e                WDT1_IRQHandler
                0x00000170                WDT1_P_IRQHandler
                0x00000172                GPIO_P0_IRQHandler
                0x00000174                GPIO_P1_IRQHandler
                0x00000176                GPIO_P2_IRQHandler
                0x00000178                GPIO_P3_IRQHandler
                0x0000017a                GPIO_P4_IRQHandler
                0x0000017c                GPIO_P5_IRQHandler
                0x0000017e                GPIO_P6_IRQHandler
                0x00000180                GPIO_P7_IRQHandler
                0x00000182                TMR16_0_IRQHandler
                0x00000184                TMR16_1_IRQHandler
                0x00000186                TMR16_2_IRQHandler
                0x00000188                TMR16_3_IRQHandler
                0x0000018a                I2CM1_IRQHandler
 .text.DebugMon_Handler
                0x000001a0       0x10 Libraries\libmax32600.a(system_max32600.o)
                0x000001a0                DebugMon_Handler
 .text.NMI_Handler
                0x000001b0        0x8 Libraries\libmax32600.a(system_max32600.o)
                0x000001b0                NMI_Handler
 .text.FaultISR_C
                0x000001b8        0xc Libraries\libmax32600.a(system_max32600.o)
                0x000001b8                FaultISR_C
 .text.HardFault_Handler
                0x000001c4       0x20 Libraries\libmax32600.a(system_max32600.o)
                0x000001c4                HardFault_Handler
 .text.DefaultIRQ_Handler
                0x000001e4        0x8 Libraries\libmax32600.a(system_max32600.o)
                0x000001e4                DefaultIRQ_Handler
 .text.SystemCoreClockUpdate
                0x000001ec      0x11c Libraries\libmax32600.a(system_max32600.o)
                0x000001ec                SystemCoreClockUpdate
 .text.set_trim_regs
                0x00000308       0xe8 Libraries\libmax32600.a(system_max32600.o)
 .text.set_pwr_regs
                0x000003f0       0x84 Libraries\libmax32600.a(system_max32600.o)
 .text.SystemInit
                0x00000474       0x4c Libraries\libmax32600.a(system_max32600.o)
                0x00000474                SystemInit
 .text.appProcMsg
                0x000004c0       0x2c ./Build/app_main.o
 .text.appCheckBonded
                0x000004ec       0x2c ./Build/app_main.o
                0x000004ec                appCheckBonded
 .text.appCheckBondByLtk
                0x00000518       0x2c ./Build/app_main.o
                0x00000518                appCheckBondByLtk
 .text.AppHandlerInit
                0x00000544       0x20 ./Build/app_main.o
                0x00000544                AppHandlerInit
 .text.AppHandler
                0x00000564       0x58 ./Build/app_main.o
                0x00000564                AppHandler
 .text.AppHandlePasskey
                0x000005bc       0x78 ./Build/app_main.o
                0x000005bc                AppHandlePasskey
 .text.AppConnClose
                0x00000634       0x20 ./Build/app_main.o
                0x00000634                AppConnClose
 .text.AppConnIsOpen
                0x00000654       0x40 ./Build/app_main.o
                0x00000654                AppConnIsOpen
 .text.AppDbGetHdl
                0x00000694       0x2c ./Build/app_main.o
                0x00000694                AppDbGetHdl
 .text.AppServerConnCback
                0x000006c0       0xd0 ./Build/app_server.o
                0x000006c0                AppServerConnCback
 .text.appSetAdvScanData
                0x00000790       0x60 ./Build/app_slave.o
 .text.appSlaveAdvStart
                0x000007f0       0x78 ./Build/app_slave.o
 .text.appSlaveNextAdvState
                0x00000868       0x34 ./Build/app_slave.o
 .text.appConnUpdateTimerStart
                0x0000089c       0x44 ./Build/app_slave.o
 .text.appConnUpdateTimerStop
                0x000008e0       0x20 ./Build/app_slave.o
 .text.appSlaveConnOpen
                0x00000900       0x88 ./Build/app_slave.o
 .text.appSlaveConnClose
                0x00000988       0x50 ./Build/app_slave.o
 .text.appSlaveConnUpdate
                0x000009d8       0x4c ./Build/app_slave.o
 .text.appSlaveSecConnOpen
                0x00000a24       0x68 ./Build/app_slave.o
 .text.appSecConnClose
                0x00000a8c       0x24 ./Build/app_slave.o
 .text.appSecPairInd
                0x00000ab0      0x10c ./Build/app_slave.o
 .text.appSecStoreKey
                0x00000bbc       0x40 ./Build/app_slave.o
 .text.appSecPairCmpl
                0x00000bfc       0x58 ./Build/app_slave.o
 .text.appSecPairFailed
                0x00000c54       0x14 ./Build/app_slave.o
 .text.appSecEncryptInd
                0x00000c68       0x30 ./Build/app_slave.o
 .text.appSecFindLtk
                0x00000c98       0x8c ./Build/app_slave.o
 .text.appSlaveConnUpdateTimeout
                0x00000d24       0x98 ./Build/app_slave.o
 .text.appSlaveProcMsg
                0x00000dbc       0x3c ./Build/app_slave.o
                0x00000dbc                appSlaveProcMsg
 .text.AppSlaveInit
                0x00000df8       0x28 ./Build/app_slave.o
                0x00000df8                AppSlaveInit
 .text.AppSlaveProcDmMsg
                0x00000e20       0x8c ./Build/app_slave.o
                0x00000e20                AppSlaveProcDmMsg
 .text.AppSlaveSecProcDmMsg
                0x00000eac       0xb8 ./Build/app_slave.o
                0x00000eac                AppSlaveSecProcDmMsg
 .text.AppAdvSetData
                0x00000f64       0x6c ./Build/app_slave.o
                0x00000f64                AppAdvSetData
 .text.AppAdvStart
                0x00000fd0       0x78 ./Build/app_slave.o
                0x00000fd0                AppAdvStart
 .text.AppSetBondable
                0x00001048       0x20 ./Build/app_slave.o
                0x00001048                AppSetBondable
 .text.AppDbInit
                0x00001068        0xc ./Build/app_db.o
                0x00001068                AppDbInit
 .text.AppDbNewRecord
                0x00001074       0x90 ./Build/app_db.o
                0x00001074                AppDbNewRecord
 .text.AppDbDeleteRecord
                0x00001104       0x18 ./Build/app_db.o
                0x00001104                AppDbDeleteRecord
 .text.AppDbValidateRecord
                0x0000111c       0x24 ./Build/app_db.o
                0x0000111c                AppDbValidateRecord
 .text.AppDbCheckValidRecord
                0x00001140       0x20 ./Build/app_db.o
                0x00001140                AppDbCheckValidRecord
 .text.AppDbCheckBonded
                0x00001160       0x40 ./Build/app_db.o
                0x00001160                AppDbCheckBonded
 .text.AppDbDeleteAllRecords
                0x000011a0       0x38 ./Build/app_db.o
                0x000011a0                AppDbDeleteAllRecords
 .text.AppDbFindByAddr
                0x000011d8       0x5c ./Build/app_db.o
                0x000011d8                AppDbFindByAddr
 .text.AppDbFindByLtkReq
                0x00001234       0x60 ./Build/app_db.o
                0x00001234                AppDbFindByLtkReq
 .text.AppDbGetKey
                0x00001294       0x84 ./Build/app_db.o
                0x00001294                AppDbGetKey
 .text.AppDbSetKey
                0x00001318       0xa8 ./Build/app_db.o
                0x00001318                AppDbSetKey
 .text.AppDbGetCccTbl
                0x000013c0       0x18 ./Build/app_db.o
                0x000013c0                AppDbGetCccTbl
 .text.AppDbSetCccTblValue
                0x000013d8       0x28 ./Build/app_db.o
                0x000013d8                AppDbSetCccTblValue
 .text.AppHwBattRead
                0x00001400       0x20 ./Build/app_hw.o
                0x00001400                AppHwBattRead
 .text.AppHwHrmTest
                0x00001420       0x20 ./Build/app_hw.o
                0x00001420                AppHwHrmTest
 .text.AppUiAction
                0x00001440       0x6c ./Build/app_ui.o
                0x00001440                AppUiAction
 .text.AppUiDisplayPasskey
                0x000014ac       0x14 ./Build/app_ui.o
                0x000014ac                AppUiDisplayPasskey
 .text.appUiTimerExpired
                0x000014c0       0x14 ./Build/app_ui.o
                0x000014c0                appUiTimerExpired
 .text.appUiBtnPoll
                0x000014d4        0xc ./Build/app_ui.o
                0x000014d4                appUiBtnPoll
 .text.AppUiBtnRegister
                0x000014e0       0x1c ./Build/app_ui.o
                0x000014e0                AppUiBtnRegister
 .text.AppUiBtnPressed
                0x000014fc        0xc ./Build/app_ui.o
                0x000014fc                AppUiBtnPressed
 .text.hciCmdAlloc
                0x00001508       0x5c ./Build/hci_cmd.o
                0x00001508                hciCmdAlloc
 .text.hciCmdSend
                0x00001564       0x78 ./Build/hci_cmd.o
                0x00001564                hciCmdSend
 .text.hciCmdInit
                0x000015dc       0x34 ./Build/hci_cmd.o
                0x000015dc                hciCmdInit
 .text.hciCmdTimeout
                0x00001610       0x14 ./Build/hci_cmd.o
                0x00001610                hciCmdTimeout
 .text.hciCmdRecvCmpl
                0x00001624       0x28 ./Build/hci_cmd.o
                0x00001624                hciCmdRecvCmpl
 .text.HciDisconnectCmd
                0x0000164c       0x5c ./Build/hci_cmd.o
                0x0000164c                HciDisconnectCmd
 .text.HciLeAddDevWhiteListCmd
                0x000016a8       0x4c ./Build/hci_cmd.o
                0x000016a8                HciLeAddDevWhiteListCmd
 .text.HciLeClearWhiteListCmd
                0x000016f4       0x28 ./Build/hci_cmd.o
                0x000016f4                HciLeClearWhiteListCmd
 .text.HciLeEncryptCmd
                0x0000171c       0x4c ./Build/hci_cmd.o
                0x0000171c                HciLeEncryptCmd
 .text.HciLeLtkReqNegReplCmd
                0x00001768       0x4c ./Build/hci_cmd.o
                0x00001768                HciLeLtkReqNegReplCmd
 .text.HciLeLtkReqReplCmd
                0x000017b4       0x58 ./Build/hci_cmd.o
                0x000017b4                HciLeLtkReqReplCmd
 .text.HciLeRandCmd
                0x0000180c       0x28 ./Build/hci_cmd.o
                0x0000180c                HciLeRandCmd
 .text.HciLeReadBufSizeCmd
                0x00001834       0x28 ./Build/hci_cmd.o
                0x00001834                HciLeReadBufSizeCmd
 .text.HciLeReadSupStatesCmd
                0x0000185c       0x28 ./Build/hci_cmd.o
                0x0000185c                HciLeReadSupStatesCmd
 .text.HciLeReadWhiteListSizeCmd
                0x00001884       0x28 ./Build/hci_cmd.o
                0x00001884                HciLeReadWhiteListSizeCmd
 .text.HciLeRemoveDevWhiteListCmd
                0x000018ac       0x4c ./Build/hci_cmd.o
                0x000018ac                HciLeRemoveDevWhiteListCmd
 .text.HciLeSetAdvEnableCmd
                0x000018f8       0x3c ./Build/hci_cmd.o
                0x000018f8                HciLeSetAdvEnableCmd
 .text.HciLeSetAdvDataCmd
                0x00001934       0x60 ./Build/hci_cmd.o
                0x00001934                HciLeSetAdvDataCmd
 .text.HciLeSetAdvParamCmd
                0x00001994       0xd4 ./Build/hci_cmd.o
                0x00001994                HciLeSetAdvParamCmd
 .text.HciLeSetEventMaskCmd
                0x00001a68       0x38 ./Build/hci_cmd.o
                0x00001a68                HciLeSetEventMaskCmd
 .text.HciLeSetRandAddrCmd
                0x00001aa0       0x3c ./Build/hci_cmd.o
                0x00001aa0                HciLeSetRandAddrCmd
 .text.HciLeSetScanEnableCmd
                0x00001adc       0x4c ./Build/hci_cmd.o
                0x00001adc                HciLeSetScanEnableCmd
 .text.HciLeSetScanParamCmd
                0x00001b28       0x9c ./Build/hci_cmd.o
                0x00001b28                HciLeSetScanParamCmd
 .text.HciLeSetScanRespDataCmd
                0x00001bc4       0x60 ./Build/hci_cmd.o
                0x00001bc4                HciLeSetScanRespDataCmd
 .text.HciLeStartEncryptionCmd
                0x00001c24       0x8c ./Build/hci_cmd.o
                0x00001c24                HciLeStartEncryptionCmd
 .text.HciReadBdAddrCmd
                0x00001cb0       0x28 ./Build/hci_cmd.o
                0x00001cb0                HciReadBdAddrCmd
 .text.HciResetCmd
                0x00001cd8       0x30 ./Build/hci_cmd.o
                0x00001cd8                HciResetCmd
 .text.hciCoreInit
                0x00001d08       0x48 ./Build/hci_core.o
                0x00001d08                hciCoreInit
 .text.hciCoreConnAlloc
                0x00001d50       0x58 ./Build/hci_core.o
 .text.hciCoreConnFree
                0x00001da8       0x50 ./Build/hci_core.o
 .text.hciCoreConnByHandle
                0x00001df8       0x44 ./Build/hci_core.o
 .text.hciCoreConnOpen
                0x00001e3c       0x3c ./Build/hci_core.o
                0x00001e3c                hciCoreConnOpen
 .text.hciCoreConnClose
                0x00001e78       0x3c ./Build/hci_core.o
                0x00001e78                hciCoreConnClose
 .text.hciCoreSendAclData
                0x00001eb4       0x44 ./Build/hci_core.o
                0x00001eb4                hciCoreSendAclData
 .text.hciCoreTxReady
                0x00001ef8       0xa4 ./Build/hci_core.o
                0x00001ef8                hciCoreTxReady
 .text.hciCoreNumCmplPkts
                0x00001f9c       0xcc ./Build/hci_core.o
                0x00001f9c                hciCoreNumCmplPkts
 .text.hciCoreRecv
                0x00002068       0x30 ./Build/hci_core.o
                0x00002068                hciCoreRecv
 .text.HciResetSequence
                0x00002098       0x18 ./Build/hci_core.o
                0x00002098                HciResetSequence
 .text.HciGetBdAddr
                0x000020b0       0x14 ./Build/hci_core.o
                0x000020b0                HciGetBdAddr
 .text.HciSendAclData
                0x000020c4       0xa4 ./Build/hci_core.o
                0x000020c4                HciSendAclData
 .text.hciEvtParseLeConnCmpl
                0x00002168       0xe8 ./Build/hci_evt.o
 .text.hciEvtParseDisconnectCmpl
                0x00002250       0x60 ./Build/hci_evt.o
 .text.hciEvtParseLeConnUpdateCmpl
                0x000022b0       0xb4 ./Build/hci_evt.o
 .text.hciEvtParseLeCreateConnCancelCmdCmpl
                0x00002364       0x2c ./Build/hci_evt.o
 .text.hciEvtParseReadRssiCmdCmpl
                0x00002390       0x54 ./Build/hci_evt.o
 .text.hciEvtParseReadChanMapCmdCmpl
                0x000023e4       0x60 ./Build/hci_evt.o
 .text.hciEvtParseReadTxPwrLvlCmdCmpl
                0x00002444       0x54 ./Build/hci_evt.o
 .text.hciEvtParseReadRemoteVerInfoCmpl
                0x00002498       0xa0 ./Build/hci_evt.o
 .text.hciEvtParseReadLeRemoteFeatCmpl
                0x00002538       0x60 ./Build/hci_evt.o
 .text.hciEvtParseLeLtkReqReplCmdCmpl
                0x00002598       0x54 ./Build/hci_evt.o
 .text.hciEvtParseLeLtkReqNegReplCmdCmpl
                0x000025ec       0x54 ./Build/hci_evt.o
 .text.hciEvtParseEncKeyRefreshCmpl
                0x00002640       0x54 ./Build/hci_evt.o
 .text.hciEvtParseEncChange
                0x00002694       0x60 ./Build/hci_evt.o
 .text.hciEvtParseLeLtkReq
                0x000026f4       0x74 ./Build/hci_evt.o
 .text.hciEvtParseVendorSpecCmdStatus
                0x00002768       0x38 ./Build/hci_evt.o
 .text.hciEvtParseVendorSpecCmdCmpl
                0x000027a0       0x58 ./Build/hci_evt.o
 .text.hciEvtParseVendorSpec
                0x000027f8       0x24 ./Build/hci_evt.o
 .text.hciEvtParseHwError
                0x0000281c       0x24 ./Build/hci_evt.o
 .text.hciEvtParseLeEncryptCmdCmpl
                0x00002840       0x38 ./Build/hci_evt.o
 .text.hciEvtParseLeRandCmdCmpl
                0x00002878       0x38 ./Build/hci_evt.o
 .text.hciEvtProcessLeAdvReport
                0x000028b0       0xd0 ./Build/hci_evt.o
 .text.hciEvtCmdStatusFailure
                0x00002980       0x1c ./Build/hci_evt.o
                0x00002980                hciEvtCmdStatusFailure
 .text.hciEvtProcessCmdStatus
                0x0000299c       0x5c ./Build/hci_evt.o
                0x0000299c                hciEvtProcessCmdStatus
 .text.hciEvtProcessCmdCmpl
                0x000029f8      0x154 ./Build/hci_evt.o
                0x000029f8                hciEvtProcessCmdCmpl
 .text.hciEvtProcessMsg
                0x00002b4c      0x1f4 ./Build/hci_evt.o
                0x00002b4c                hciEvtProcessMsg
 .text.hciTrSendAclData
                0x00002d40       0x40 ./Build/hci_tr.o
                0x00002d40                hciTrSendAclData
 .text.hciTrSendCmd
                0x00002d80       0x30 ./Build/hci_tr.o
                0x00002d80                hciTrSendCmd
 .text.hciTrSerialRxIncoming
                0x00002db0      0x19c ./Build/hci_tr.o
                0x00002db0                hciTrSerialRxIncoming
 .text.hciCoreResetStart
                0x00002f4c        0xc ./Build/hci_vs.o
                0x00002f4c                hciCoreResetStart
 .text.hciCoreResetSequence
                0x00002f58      0x164 ./Build/hci_vs.o
                0x00002f58                hciCoreResetSequence
 .text.hciCoreVsCmdCmplRcvd
                0x000030bc       0x1c ./Build/hci_vs.o
                0x000030bc                hciCoreVsCmdCmplRcvd
 .text.HciVsInit
                0x000030d8       0x14 ./Build/hci_vs.o
                0x000030d8                HciVsInit
 .text.spi_tx_cb
                0x000030ec       0xc8 ./Build/hci_drv.o
 .text.hciDrvWrite
                0x000031b4      0x138 ./Build/hci_drv.o
                0x000031b4                hciDrvWrite
 .text.spi_rx_cb
                0x000032ec      0x120 ./Build/hci_drv.o
 .text.hciDrvRead
                0x0000340c       0x50 ./Build/hci_drv.o
                0x0000340c                hciDrvRead
 .text.BasInit  0x0000345c       0x30 ./Build/bas_main.o
                0x0000345c                BasInit
 .text.BasMeasBattStart
                0x0000348c       0x4c ./Build/bas_main.o
                0x0000348c                BasMeasBattStart
 .text.BasMeasBattStop
                0x000034d8       0x14 ./Build/bas_main.o
                0x000034d8                BasMeasBattStop
 .text.BasProcMsg
                0x000034ec       0x58 ./Build/bas_main.o
                0x000034ec                BasProcMsg
 .text.BasSendBattLevel
                0x00003544       0x44 ./Build/bas_main.o
                0x00003544                BasSendBattLevel
 .text.BasReadCback
                0x00003588       0x34 ./Build/bas_main.o
                0x00003588                BasReadCback
 .text.HrpsInit
                0x000035bc       0x28 ./Build/hrps_main.o
                0x000035bc                HrpsInit
 .text.HrpsMeasStart
                0x000035e4       0x40 ./Build/hrps_main.o
                0x000035e4                HrpsMeasStart
 .text.HrpsMeasStop
                0x00003624       0x14 ./Build/hrps_main.o
                0x00003624                HrpsMeasStop
 .text.HrpsProcMsg
                0x00003638       0xb0 ./Build/hrps_main.o
                0x00003638                HrpsProcMsg
 .text.HrpsWriteCback
                0x000036e8       0x4c ./Build/hrps_main.o
                0x000036e8                HrpsWriteCback
 .text.HrpsSetFlags
                0x00003734       0x20 ./Build/hrps_main.o
                0x00003734                HrpsSetFlags
 .text.SvcBattAddGroup
                0x00003754       0x14 ./Build/svc_batt.o
                0x00003754                SvcBattAddGroup
 .text.SvcBattCbackRegister
                0x00003768       0x24 ./Build/svc_batt.o
                0x00003768                SvcBattCbackRegister
 .text.SvcCoreAddGroup
                0x0000378c       0x1c ./Build/svc_core.o
                0x0000378c                SvcCoreAddGroup
 .text.SvcDisAddGroup
                0x000037a8       0x14 ./Build/svc_dis.o
                0x000037a8                SvcDisAddGroup
 .text.SvcHrsAddGroup
                0x000037bc       0x14 ./Build/svc_hrs.o
                0x000037bc                SvcHrsAddGroup
 .text.SvcHrsCbackRegister
                0x000037d0       0x24 ./Build/svc_hrs.o
                0x000037d0                SvcHrsCbackRegister
 .text.HciEvtRegister
                0x000037f4       0x1c ./Build/hci_main.o
                0x000037f4                HciEvtRegister
 .text.HciSecRegister
                0x00003810       0x1c ./Build/hci_main.o
                0x00003810                HciSecRegister
 .text.HciAclRegister
                0x0000382c       0x24 ./Build/hci_main.o
                0x0000382c                HciAclRegister
 .text.HciHandlerInit
                0x00003850       0x2c ./Build/hci_main.o
                0x00003850                HciHandlerInit
 .text.HciHandler
                0x0000387c       0x78 ./Build/hci_main.o
                0x0000387c                HciHandler
 .text.WsfBufInit
                0x000038f4      0x120 ./Build/wsf_buf.o
                0x000038f4                WsfBufInit
 .text.WsfBufAlloc
                0x00003a14       0x74 ./Build/wsf_buf.o
                0x00003a14                WsfBufAlloc
 .text.WsfBufFree
                0x00003a88       0x74 ./Build/wsf_buf.o
                0x00003a88                WsfBufFree
 .text.WsfMsgAlloc
                0x00003afc       0x30 ./Build/wsf_msg.o
                0x00003afc                WsfMsgAlloc
 .text.WsfMsgFree
                0x00003b2c       0x1c ./Build/wsf_msg.o
                0x00003b2c                WsfMsgFree
 .text.WsfMsgSend
                0x00003b48       0x30 ./Build/wsf_msg.o
                0x00003b48                WsfMsgSend
 .text.WsfMsgEnq
                0x00003b78       0x2c ./Build/wsf_msg.o
                0x00003b78                WsfMsgEnq
 .text.WsfMsgDeq
                0x00003ba4       0x30 ./Build/wsf_msg.o
                0x00003ba4                WsfMsgDeq
 .text.WsfQueueEnq
                0x00003bd4       0x44 ./Build/wsf_queue.o
                0x00003bd4                WsfQueueEnq
 .text.WsfQueueDeq
                0x00003c18       0x3c ./Build/wsf_queue.o
                0x00003c18                WsfQueueDeq
 .text.WsfQueuePush
                0x00003c54       0x38 ./Build/wsf_queue.o
                0x00003c54                WsfQueuePush
 .text.WsfQueueInsert
                0x00003c8c       0x58 ./Build/wsf_queue.o
                0x00003c8c                WsfQueueInsert
 .text.WsfQueueRemove
                0x00003ce4       0x48 ./Build/wsf_queue.o
                0x00003ce4                WsfQueueRemove
 .text.WsfQueueCount
                0x00003d2c       0x38 ./Build/wsf_queue.o
                0x00003d2c                WsfQueueCount
 .text.WsfQueueEmpty
                0x00003d64       0x2c ./Build/wsf_queue.o
                0x00003d64                WsfQueueEmpty
 .text.wsfSecHciCback
                0x00003d90       0x80 ./Build/wsf_sec.o
 .text.WsfSecInit
                0x00003e10       0x28 ./Build/wsf_sec.o
                0x00003e10                WsfSecInit
 .text.WsfSecAes
                0x00003e38       0x6c ./Build/wsf_sec.o
                0x00003e38                WsfSecAes
 .text.WsfSecRand
                0x00003ea4       0x34 ./Build/wsf_sec.o
                0x00003ea4                WsfSecRand
 .text.wsfTimerRemove
                0x00003ed8       0x54 ./Build/wsf_timer.o
 .text.wsfTimerInsert
                0x00003f2c       0x70 ./Build/wsf_timer.o
 .text.WsfTimerInit
                0x00003f9c       0x30 ./Build/wsf_timer.o
                0x00003f9c                WsfTimerInit
 .text.WsfTimerStartSec
                0x00003fcc       0x38 ./Build/wsf_timer.o
                0x00003fcc                WsfTimerStartSec
 .text.WsfTimerStartMs
                0x00004004       0x2c ./Build/wsf_timer.o
                0x00004004                WsfTimerStartMs
 .text.WsfTimerStop
                0x00004030       0x20 ./Build/wsf_timer.o
                0x00004030                WsfTimerStop
 .text.WsfTimerUpdate
                0x00004050       0x60 ./Build/wsf_timer.o
                0x00004050                WsfTimerUpdate
 .text.WsfTimerServiceExpired
                0x000040b0       0x54 ./Build/wsf_timer.o
                0x000040b0                WsfTimerServiceExpired
 .text.WsfCsEnter
                0x00004104       0x28 ./Build/wsf_os.o
                0x00004104                WsfCsEnter
 .text.WsfCsExit
                0x0000412c       0x28 ./Build/wsf_os.o
                0x0000412c                WsfCsExit
 .text.WsfTaskLock
                0x00004154        0xc ./Build/wsf_os.o
                0x00004154                WsfTaskLock
 .text.WsfTaskUnlock
                0x00004160        0xc ./Build/wsf_os.o
                0x00004160                WsfTaskUnlock
 .text.WsfSetEvent
                0x0000416c       0x54 ./Build/wsf_os.o
                0x0000416c                WsfSetEvent
 .text.WsfTaskSetReady
                0x000041c0       0x38 ./Build/wsf_os.o
                0x000041c0                WsfTaskSetReady
 .text.WsfTaskMsgQueue
                0x000041f8       0x1c ./Build/wsf_os.o
                0x000041f8                WsfTaskMsgQueue
 .text.WsfOsSetNextHandler
                0x00004214       0x34 ./Build/wsf_os.o
                0x00004214                WsfOsSetNextHandler
 .text.wsfOsDispatcher
                0x00004248      0x108 ./Build/wsf_os.o
                0x00004248                wsfOsDispatcher
 .text.NVIC_SetPriority
                0x00004350       0x54 ./Build/MAXREFDES73.o
 .text.bleStackInit
                0x000043a4       0xf8 ./Build/MAXREFDES73.o
 .text.em9301_hw_reset
                0x0000449c       0x2c ./Build/MAXREFDES73.o
 .text.spi_read_irq
                0x000044c8       0x64 ./Build/MAXREFDES73.o
 *fill*         0x0000452c        0x4 
 .text.data_avg
                0x00004530      0x410 ./Build/MAXREFDES73.o
 .text.print_results
                0x00004940       0xe4 ./Build/MAXREFDES73.o
 .text.capt_results
                0x00004a24       0x24 ./Build/MAXREFDES73.o
 .text.PwrSeq_Setup
                0x00004a48       0x70 ./Build/MAXREFDES73.o
 .text.ClkMan_Setup
                0x00004ab8      0x1a8 ./Build/MAXREFDES73.o
 .text.Voltage_Ref
                0x00004c60       0x1c ./Build/MAXREFDES73.o
 .text.AFE_VRefDisable
                0x00004c7c       0x48 ./Build/MAXREFDES73.o
 .text.AFE_Disable
                0x00004cc4       0x80 ./Build/MAXREFDES73.o
 .text.Switch_Setup
                0x00004d44       0x5c ./Build/MAXREFDES73.o
 .text.AFE_Init
                0x00004da0       0xac ./Build/MAXREFDES73.o
 *fill*         0x00004e4c        0x4 
 .text.ADC_Init
                0x00004e50       0xb8 ./Build/MAXREFDES73.o
 .text.ADC_Capt
                0x00004f08       0xec ./Build/MAXREFDES73.o
 .text.ADC_Measure
                0x00004ff4       0x68 ./Build/MAXREFDES73.o
 *fill*         0x0000505c        0x4 
 .text.tmr32_led
                0x00005060      0x78c ./Build/MAXREFDES73.o
 .text.main     0x000057ec      0x2f0 ./Build/MAXREFDES73.o
                0x000057ec                main
 .text.fitDmCback
                0x00005adc       0x38 ./Build/fit_main.o
 .text.fitAttCback
                0x00005b14       0x14 ./Build/fit_main.o
 .text.fitCccCback
                0x00005b28       0x68 ./Build/fit_main.o
 .text.fitProcCccState
                0x00005b90       0x60 ./Build/fit_main.o
 .text.fitClose
                0x00005bf0       0x18 ./Build/fit_main.o
 .text.fitSetup
                0x00005c08       0x98 ./Build/fit_main.o
 .text.fitBtnCback
                0x00005ca0       0xb8 ./Build/fit_main.o
 .text.fitProcMsg
                0x00005d58      0x128 ./Build/fit_main.o
 .text.FitHandlerInit
                0x00005e80       0x6c ./Build/fit_main.o
                0x00005e80                FitHandlerInit
 .text.FitHandler
                0x00005eec       0x3c ./Build/fit_main.o
                0x00005eec                FitHandler
 .text.FitStart
                0x00005f28       0x78 ./Build/fit_main.o
                0x00005f28                FitStart
 .text.ADC_CaptureConfig
                0x00005fa0      0x1cc Libraries\libmax32600.a(adc.o)
                0x00005fa0                ADC_CaptureConfig
 .text.ADC_Enable
                0x0000616c       0xd0 Libraries\libmax32600.a(adc.o)
                0x0000616c                ADC_Enable
 .text.ADC_Disable
                0x0000623c       0x5c Libraries\libmax32600.a(adc.o)
                0x0000623c                ADC_Disable
 .text.ADC_CaptureStart
                0x00006298      0x138 Libraries\libmax32600.a(adc.o)
                0x00006298                ADC_CaptureStart
 .text.ADC_ManualRead
                0x000063d0       0x88 Libraries\libmax32600.a(adc.o)
                0x000063d0                ADC_ManualRead
 .text.ADC_SetRate
                0x00006458       0x7c Libraries\libmax32600.a(adc.o)
                0x00006458                ADC_SetRate
 .text.ADC_SetMode
                0x000064d4       0xa4 Libraries\libmax32600.a(adc.o)
                0x000064d4                ADC_SetMode
 .text.ADC_SetMuxSel
                0x00006578       0x58 Libraries\libmax32600.a(adc.o)
                0x00006578                ADC_SetMuxSel
 .text.ADC_SetPGAMode
                0x000065d0       0x54 Libraries\libmax32600.a(adc.o)
                0x000065d0                ADC_SetPGAMode
 .text.ADC_SetStartMode
                0x00006624       0x40 Libraries\libmax32600.a(adc.o)
                0x00006624                ADC_SetStartMode
 .text.AFE_OpAmpSetup
                0x00006664      0xec0 Libraries\libmax32600.a(afe.o)
                0x00006664                AFE_OpAmpSetup
 .text.AFE_OpAmpEnable
                0x00007524      0x1a4 Libraries\libmax32600.a(afe.o)
                0x00007524                AFE_OpAmpEnable
 .text.AFE_OpAmpDisable
                0x000076c8       0x68 Libraries\libmax32600.a(afe.o)
                0x000076c8                AFE_OpAmpDisable
 .text.AFE_IRQHandler
                0x00007730       0x64 Libraries\libmax32600.a(afe.o)
                0x00007730                AFE_IRQHandler
 .text.AFE_ADCVRefEnable
                0x00007794       0x58 Libraries\libmax32600.a(afe.o)
                0x00007794                AFE_ADCVRefEnable
 .text.AFE_ADCVRefDisable
                0x000077ec       0x58 Libraries\libmax32600.a(afe.o)
                0x000077ec                AFE_ADCVRefDisable
 .text.AFE_DACVRefEnable
                0x00007844       0x70 Libraries\libmax32600.a(afe.o)
                0x00007844                AFE_DACVRefEnable
 .text.AFE_SetSwitchState
                0x000078b4       0x58 Libraries\libmax32600.a(afe.o)
                0x000078b4                AFE_SetSwitchState
 .text.hfx_valid
                0x0000790c       0x3c Libraries\libmax32600.a(clkman.o)
 .text.CLKMAN_TrimRO_Start
                0x00007948      0x118 Libraries\libmax32600.a(clkman.o)
                0x00007948                CLKMAN_TrimRO_Start
 .text.CLKMAN_TrimRO_Stop
                0x00007a60       0x78 Libraries\libmax32600.a(clkman.o)
                0x00007a60                CLKMAN_TrimRO_Stop
 .text.CLKMAN_SetSystemClock
                0x00007ad8       0x94 Libraries\libmax32600.a(clkman.o)
                0x00007ad8                CLKMAN_SetSystemClock
 .text.CLKMAN_WaitForSystemClockStable
                0x00007b6c       0xe4 Libraries\libmax32600.a(clkman.o)
                0x00007b6c                CLKMAN_WaitForSystemClockStable
 .text.CLKMAN_SetADCClock
                0x00007c50       0x9c Libraries\libmax32600.a(clkman.o)
                0x00007c50                CLKMAN_SetADCClock
 .text.CLKMAN_SetClkScale
                0x00007cec       0x30 Libraries\libmax32600.a(clkman.o)
                0x00007cec                CLKMAN_SetClkScale
 .text.CLKMAN_SetRTOSMode
                0x00007d1c       0x2c Libraries\libmax32600.a(clkman.o)
                0x00007d1c                CLKMAN_SetRTOSMode
 .text.DAC_Enable
                0x00007d48       0xa4 Libraries\libmax32600.a(dac.o)
                0x00007d48                DAC_Enable
 .text.DAC_Disable
                0x00007dec       0x8c Libraries\libmax32600.a(dac.o)
                0x00007dec                DAC_Disable
 .text.DAC_SetRate
                0x00007e78      0x10c Libraries\libmax32600.a(dac.o)
                0x00007e78                DAC_SetRate
 .text.DAC_SetStartMode
                0x00007f84       0x9c Libraries\libmax32600.a(dac.o)
                0x00007f84                DAC_SetStartMode
 .text.DAC_PatternConfig
                0x00008020      0x228 Libraries\libmax32600.a(dac.o)
                0x00008020                DAC_PatternConfig
 .text.DAC_PatternStart
                0x00008248       0xd0 Libraries\libmax32600.a(dac.o)
                0x00008248                DAC_PatternStart
 .text.DAC_PatternStop
                0x00008318       0x34 Libraries\libmax32600.a(dac.o)
                0x00008318                DAC_PatternStop
 .text.DAC_SetOutput
                0x0000834c      0x194 Libraries\libmax32600.a(dac.o)
                0x0000834c                DAC_SetOutput
 .text.DAC_SetOutputRaw
                0x000084e0      0x18c Libraries\libmax32600.a(dac.o)
                0x000084e0                DAC_SetOutputRaw
 .text.GPIO_SetOutMode
                0x0000866c       0x58 Libraries\libmax32600.a(gpio.o)
                0x0000866c                GPIO_SetOutMode
 .text.GPIO_SetOutVal
                0x000086c4       0x7c Libraries\libmax32600.a(gpio.o)
                0x000086c4                GPIO_SetOutVal
 .text.GPIO_SetInMode
                0x00008740       0x58 Libraries\libmax32600.a(gpio.o)
                0x00008740                GPIO_SetInMode
 .text.GPIO_GetInVal
                0x00008798       0x48 Libraries\libmax32600.a(gpio.o)
                0x00008798                GPIO_GetInVal
 .text.gpio_0_handler
                0x000087e0       0x10 Libraries\libmax32600.a(gpio.o)
 .text.gpio_1_handler
                0x000087f0       0x10 Libraries\libmax32600.a(gpio.o)
 .text.gpio_2_handler
                0x00008800       0x10 Libraries\libmax32600.a(gpio.o)
 .text.gpio_3_handler
                0x00008810       0x10 Libraries\libmax32600.a(gpio.o)
 .text.gpio_4_handler
                0x00008820       0x10 Libraries\libmax32600.a(gpio.o)
 .text.gpio_5_handler
                0x00008830       0x10 Libraries\libmax32600.a(gpio.o)
 .text.gpio_6_handler
                0x00008840       0x10 Libraries\libmax32600.a(gpio.o)
 .text.gpio_7_handler
                0x00008850       0x10 Libraries\libmax32600.a(gpio.o)
 .text.GPIO_IRQ_Handler
                0x00008860       0x7c Libraries\libmax32600.a(gpio.o)
 .text.FreeIRQ  0x000088dc       0x74 Libraries\libmax32600.a(gpio.o)
 .text.RegisterIRQ
                0x00008950       0x4c Libraries\libmax32600.a(gpio.o)
 .text.GPIO_SetIntMode
                0x0000899c       0xb0 Libraries\libmax32600.a(gpio.o)
                0x0000899c                GPIO_SetIntMode
 .text.ICC_Enable
                0x00008a4c       0xf4 Libraries\libmax32600.a(icc.o)
                0x00008a4c                ICC_Enable
 .text.NVIC_EnableIRQ
                0x00008b40       0x30 Libraries\libmax32600.a(nvic_table.o)
 .text.NVIC_SetRAM
                0x00008b70       0x2c Libraries\libmax32600.a(nvic_table.o)
                0x00008b70                NVIC_SetRAM
 .text.NVIC_SetVector
                0x00008b9c       0x48 Libraries\libmax32600.a(nvic_table.o)
                0x00008b9c                NVIC_SetVector
 .text.NVIC_EnableIRQ
                0x00008be4       0x30 Libraries\libmax32600.a(pmu.o)
 .text.PMU_GetChannel
                0x00008c14       0x78 Libraries\libmax32600.a(pmu.o)
                0x00008c14                PMU_GetChannel
 .text.PMU_FreeChannel
                0x00008c8c       0x38 Libraries\libmax32600.a(pmu.o)
                0x00008c8c                PMU_FreeChannel
 .text.PMU_IRQHandler
                0x00008cc4       0xac Libraries\libmax32600.a(pmu.o)
                0x00008cc4                PMU_IRQHandler
 .text.PMU_Start
                0x00008d70       0x9c Libraries\libmax32600.a(pmu.o)
                0x00008d70                PMU_Start
 .text.PMU_SetCounter
                0x00008e0c       0x5c Libraries\libmax32600.a(pmu.o)
                0x00008e0c                PMU_SetCounter
 .text.PWR_ClearAllGPIOWUD
                0x00008e68       0xd0 Libraries\libmax32600.a(power.o)
                0x00008e68                PWR_ClearAllGPIOWUD
 .text.PWR_ClearAllCompWUD
                0x00008f38       0x40 Libraries\libmax32600.a(power.o)
                0x00008f38                PWR_ClearAllCompWUD
 .text.PWR_EnableGPIO
                0x00008f78       0x50 Libraries\libmax32600.a(power.o)
                0x00008f78                PWR_EnableGPIO
 .text.PWR_ClearFlags
                0x00008fc8       0x44 Libraries\libmax32600.a(power.o)
                0x00008fc8                PWR_ClearFlags
 .text.wakeup   0x0000900c       0x1c Libraries\libmax32600.a(power.o)
 .text.PWR_SetMode
                0x00009028       0xb0 Libraries\libmax32600.a(power.o)
                0x00009028                PWR_SetMode
 .text.PWR_Sleep
                0x000090d8       0x38 Libraries\libmax32600.a(power.o)
                0x000090d8                PWR_Sleep
 .text.PWR_Init
                0x00009110       0x2c Libraries\libmax32600.a(power.o)
                0x00009110                PWR_Init
 .text.PWR_Enable
                0x0000913c       0x68 Libraries\libmax32600.a(power.o)
                0x0000913c                PWR_Enable
 .text.PWR_Disable
                0x000091a4       0x68 Libraries\libmax32600.a(power.o)
                0x000091a4                PWR_Disable
 .text.PWR_EnableDevRun
                0x0000920c       0x28 Libraries\libmax32600.a(power.o)
                0x0000920c                PWR_EnableDevRun
 .text.PWR_DisableDevRun
                0x00009234       0x28 Libraries\libmax32600.a(power.o)
                0x00009234                PWR_DisableDevRun
 .text.RTC_GetVal
                0x0000925c       0x14 Libraries\libmax32600.a(rtc.o)
                0x0000925c                RTC_GetVal
 .text.RTC0_IRQHandler
                0x00009270       0x20 Libraries\libmax32600.a(rtc.o)
                0x00009270                RTC0_IRQHandler
 .text.RTC1_IRQHandler
                0x00009290       0x20 Libraries\libmax32600.a(rtc.o)
                0x00009290                RTC1_IRQHandler
 .text.RTC_ClearAlarm
                0x000092b0       0x74 Libraries\libmax32600.a(rtc.o)
                0x000092b0                RTC_ClearAlarm
 .text.RTC2_IRQHandler
                0x00009324       0x24 Libraries\libmax32600.a(rtc.o)
                0x00009324                RTC2_IRQHandler
 .text.RTC3_IRQHandler
                0x00009348       0x30 Libraries\libmax32600.a(rtc.o)
                0x00009348                RTC3_IRQHandler
 .text.NVIC_EnableIRQ
                0x00009378       0x30 Libraries\libmax32600.a(spi.o)
 .text.SPI_Config
                0x000093a8       0x74 Libraries\libmax32600.a(spi.o)
                0x000093a8                SPI_Config
 .text.SPI_ConfigClock
                0x0000941c       0x94 Libraries\libmax32600.a(spi.o)
                0x0000941c                SPI_ConfigClock
 .text.SPI_ConfigSlaveSelect
                0x000094b0       0x60 Libraries\libmax32600.a(spi.o)
                0x000094b0                SPI_ConfigSlaveSelect
 .text.SPI_ConfigSpecial
                0x00009510       0xb0 Libraries\libmax32600.a(spi.o)
                0x00009510                SPI_ConfigSpecial
 .text.SPI_WaitFlowControl
                0x000095c0       0xb4 Libraries\libmax32600.a(spi.o)
                0x000095c0                SPI_WaitFlowControl
 .text.SPI_Setup
                0x00009674      0x25c Libraries\libmax32600.a(spi.o)
                0x00009674                SPI_Setup
 .text.cleanup  0x000098d0       0xa8 Libraries\libmax32600.a(spi.o)
 .text.page_to_bytes
                0x00009978       0x44 Libraries\libmax32600.a(spi.o)
 .text.receive  0x000099bc      0x150 Libraries\libmax32600.a(spi.o)
 .text.transmit
                0x00009b0c      0x1b8 Libraries\libmax32600.a(spi.o)
 .text.prepare  0x00009cc4      0x490 Libraries\libmax32600.a(spi.o)
 .text.SPI_TransmitAsync
                0x0000a154      0x1dc Libraries\libmax32600.a(spi.o)
                0x0000a154                SPI_TransmitAsync
 .text.SPI_IRQHandler
                0x0000a330      0x2b8 Libraries\libmax32600.a(spi.o)
 .text.SPI0_IRQHandler
                0x0000a5e8       0x10 Libraries\libmax32600.a(spi.o)
                0x0000a5e8                SPI0_IRQHandler
 .text.SPI1_IRQHandler
                0x0000a5f8       0x10 Libraries\libmax32600.a(spi.o)
                0x0000a5f8                SPI1_IRQHandler
 .text.SPI2_IRQHandler
                0x0000a608       0x10 Libraries\libmax32600.a(spi.o)
                0x0000a608                SPI2_IRQHandler
 .text.SysTick_IRQHandler
                0x0000a618       0x30 Libraries\libmax32600.a(systick.o)
                0x0000a618                SysTick_IRQHandler
 .text.SysTick_Wait
                0x0000a648       0xd8 Libraries\libmax32600.a(systick.o)
                0x0000a648                SysTick_Wait
 .text.TMON_SetCurrent
                0x0000a720       0x40 Libraries\libmax32600.a(tmon.o)
                0x0000a720                TMON_SetCurrent
 .text.TMON_Enable
                0x0000a760       0x48 Libraries\libmax32600.a(tmon.o)
                0x0000a760                TMON_Enable
 .text.TMON_Disable
                0x0000a7a8       0x30 Libraries\libmax32600.a(tmon.o)
                0x0000a7a8                TMON_Disable
 .text.TMR32_PeriodToTicks
                0x0000a7d8      0x2d4 Libraries\libmax32600.a(tmr.o)
                0x0000a7d8                TMR32_PeriodToTicks
 .text.tmr32_irq_handler
                0x0000aaac       0xb4 Libraries\libmax32600.a(tmr.o)
 .text.TMR32_Start
                0x0000ab60      0x2f4 Libraries\libmax32600.a(tmr.o)
                0x0000ab60                TMR32_Start
 .text.TMR32_Config
                0x0000ae54       0x8c Libraries\libmax32600.a(tmr.o)
                0x0000ae54                TMR32_Config
 .text.memcmp   0x0000aee0       0x64 c:/program files (x86)/gnu tools arm embedded/5.3 2016q1/bin/../lib/gcc/arm-none-eabi/5.3.1/../../../../arm-none-eabi/lib/armv7-m\libc.a(lib_a-memcmp.o)
                0x0000aee0                memcmp
 .text          0x0000af44       0xec c:/program files (x86)/gnu tools arm embedded/5.3 2016q1/bin/../lib/gcc/arm-none-eabi/5.3.1/../../../../arm-none-eabi/lib/armv7-m\libc.a(lib_a-memcpy.o)
                0x0000af44                memcpy
 .text.memset   0x0000b030       0x9c c:/program files (x86)/gnu tools arm embedded/5.3 2016q1/bin/../lib/gcc/arm-none-eabi/5.3.1/../../../../arm-none-eabi/lib/armv7-m\libc.a(lib_a-memset.o)
                0x0000b030                memset
 .text.memmove  0x0000b0cc       0xc8 c:/program files (x86)/gnu tools arm embedded/5.3 2016q1/bin/../lib/gcc/arm-none-eabi/5.3.1/../../../../arm-none-eabi/lib/armv7-m\libc.a(lib_a-memmove.o)
                0x0000b0cc                memmove
 .text          0x0000b194      0x19c ./BLE_Wicentric\libstacklib.a(att_main.o)
                0x0000b1b0                attEmptyHandler
                0x0000b1b2                attEmptyConnCback
                0x0000b1b4                attEmptyDataCback
                0x0000b1b6                attCcbByHandle
                0x0000b1d0                attCcbByConnId
                0x0000b288                attUuidCmp16to128
                0x0000b2b0                AttHandlerInit
                0x0000b2e8                AttHandler
                0x0000b30c                AttRegister
                0x0000b318                AttConnRegister
                0x0000b324                AttGetMtu
 .text          0x0000b330      0x450 ./BLE_Wicentric\libstacklib.a(attc_main.o)
                0x0000b368                attcSendReq
                0x0000b37c                attcSetupReq
                0x0000b3a4                attcCcbByConnId
                0x0000b3c0                attcCcbByHandle
                0x0000b412                attcFreePkt
                0x0000b446                attcExecCallback
                0x0000b496                attcReqClear
                0x0000b734                AttcInit
 .text          0x0000b780      0x370 ./BLE_Wicentric\libstacklib.a(attc_proc.o)
                0x0000b780                attcProcErrRsp
                0x0000b7b2                attcProcMtuRsp
                0x0000b7d4                attcProcFindOrReadRsp
                0x0000b890                attcProcReadRsp
                0x0000b892                attcProcWriteRsp
                0x0000b898                attcProcRsp
                0x0000b94c                attcProcInd
                0x0000b9c8                attcSendMsg
                0x0000ba10                AttcFindInfoReq
                0x0000ba3e                AttcReadReq
                0x0000ba6c                AttcWriteReq
                0x0000bab2                AttcCancelReq
                0x0000bac2                AttcMtuReq
 .text          0x0000baf0      0x222 ./BLE_Wicentric\libstacklib.a(attc_read.o)
                0x0000baf0                attcProcFindByTypeRsp
                0x0000bb66                attcProcReadLongRsp
                0x0000bb8a                AttcFindByTypeValueReq
                0x0000bbf0                AttcReadByTypeReq
                0x0000bc40                AttcReadLongReq
                0x0000bc72                AttcReadMultipleReq
                0x0000bcc2                AttcReadByGroupTypeReq
 .text          0x0000bd12       0xfa ./BLE_Wicentric\libstacklib.a(attc_write.o)
                0x0000bd12                attcProcPrepWriteRsp
                0x0000bd24                AttcWriteCmd
                0x0000bd6a                AttcPrepareWriteReq
                0x0000bde4                AttcExecuteWriteReq
 .text          0x0000be0c      0x1f0 ./BLE_Wicentric\libstacklib.a(atts_ccc.o)
                0x0000bf08                AttsCccRegister
                0x0000bf24                AttsCccInitTable
                0x0000bf90                AttsCccClearTable
                0x0000bfac                AttsCccGet
                0x0000bfbc                AttsCccSet
                0x0000bfce                AttsCccEnabled
 .text          0x0000bffc      0x240 ./BLE_Wicentric\libstacklib.a(atts_ind.o)
                0x0000c1b8                attsProcValueCnf
                0x0000c1e4                AttsIndInit
                0x0000c224                AttsHandleValueInd
                0x0000c230                AttsHandleValueNtf
 .text          0x0000c23c      0x294 ./BLE_Wicentric\libstacklib.a(atts_main.o)
                0x0000c278                attsErrRsp
                0x0000c32c                attsClearPrepWrites
                0x0000c378                attsDiscBusy
                0x0000c3b8                AttsInit
                0x0000c3e4                AttsAuthorRegister
                0x0000c3f0                AttsAddGroup
                0x0000c424                AttsRemoveGroup
                0x0000c458                AttsSetAttr
                0x0000c4a2                AttsGetAttr
                0x0000c4c2                AttsErrorTest
 .text          0x0000c4d0      0x330 ./BLE_Wicentric\libstacklib.a(atts_proc.o)
                0x0000c4d0                attsUuidCmp
                0x0000c50e                attsUuid16Cmp
                0x0000c538                attsFindByHandle
                0x0000c564                attsFindInRange
                0x0000c59c                attsPermissions
                0x0000c5fc                attsProcMtuReq
                0x0000c63e                attsProcFindInfoReq
                0x0000c74c                attsProcReadReq
 .text          0x0000c800      0x7d0 ./BLE_Wicentric\libstacklib.a(atts_read.o)
                0x0000c800                attsFindUuidInRange
                0x0000c87c                attsFindServiceGroupEnd
                0x0000c908                attsProcReadBlobReq
                0x0000c9e0                attsProcFindTypeReq
                0x0000cb0a                attsProcReadTypeReq
                0x0000cce4                attsProcReadMultReq
                0x0000cdf8                attsProcReadGroupTypeReq
 .text          0x0000cfd0      0x2f4 ./BLE_Wicentric\libstacklib.a(atts_write.o)
                0x0000cfd0                attsProcWrite
                0x0000d0b8                attsProcPrepWriteReq
                0x0000d1c0                attsProcExecWriteReq
 .text          0x0000d2c4      0x34c ./BLE_Wicentric\libstacklib.a(dm_adv.o)
                0x0000d2c4                dmAdvHciHandler
                0x0000d2c6                dmAdvMsgHandler
                0x0000d2dc                dmAdvReset
                0x0000d308                dmAdvActStop
                0x0000d350                dmAdvActTimeout
                0x0000d3a0                dmAdvActStart
                0x0000d3f0                dmAdvStartDirected
                0x0000d3fc                dmAdvStopDirected
                0x0000d410                dmAdvConnected
                0x0000d41c                dmAdvConnectFailed
                0x0000d428                DmAdvInit
                0x0000d438                DmAdvStart
                0x0000d464                DmAdvStop
                0x0000d488                DmAdvSetInterval
                0x0000d4a4                DmAdvSetChannelMap
                0x0000d4bc                DmAdvSetData
                0x0000d4ce                DmAdvSetAddrType
                0x0000d4e8                DmAdvSetAdValue
                0x0000d582                DmAdvSetName
 .text          0x0000d610      0x4bc ./BLE_Wicentric\libstacklib.a(dm_conn.o)
                0x0000d610                dmConnSmActNone
                0x0000d612                dmConnSmActHciUpdated
                0x0000d62c                dmConnReset
                0x0000d660                dmConnSmActClose
                0x0000d668                dmConnCcbAlloc
                0x0000d6b4                dmConnCcbDealloc
                0x0000d6ba                dmConnCcbByHandle
                0x0000d6dc                dmConnCcbByBdAddr
                0x0000d704                dmConnHciHandler
                0x0000d780                dmConnCcbById
                0x0000d79c                dmConnMsgHandler
                0x0000d7b4                dmConnExecCback
                0x0000d7d4                dmConnSmActConnClosed
                0x0000d7ea                dmConnSmActConnFailed
                0x0000d800                dmConnSmActConnOpened
                0x0000d854                dmConnOpenAccept
                0x0000d8e0                DmConnInit
                0x0000d900                DmConnRegister
                0x0000d920                DmConnClose
                0x0000d950                DmConnUpdate
                0x0000d994                DmConnSetScanInterval
                0x0000d9b4                DmConnSetConnSpec
                0x0000d9d4                DmConnIdByHandle
                0x0000d9f8                DmConnInUse
                0x0000da0c                DmConnPeerAddrType
                0x0000da20                DmConnPeerAddr
                0x0000da30                DmConnLocalAddrType
                0x0000da44                DmConnLocalAddr
                0x0000da58                DmConnSecLevel
                0x0000da6c                DmConnSetIdle
                0x0000daac                DmConnCheckIdle
 .text          0x0000dacc       0xcc ./BLE_Wicentric\libstacklib.a(dm_conn_slave.o)
                0x0000dacc                dmConnSmActL2cUpdateCnf
                0x0000db08                dmConnSmActAcceptFailed
                0x0000db1e                dmConnSmActConnAccepted
                0x0000db34                dmConnSmActUpdateSlave
                0x0000db46                dmConnSmActCancelAccept
                0x0000db5c                dmConnSmActAccept
                0x0000db64                DmL2cConnUpdateCnf
                0x0000db80                DmConnSlaveInit
                0x0000db90                DmConnAccept
 .text          0x0000db98       0x44 ./BLE_Wicentric\libstacklib.a(dm_conn_sm.o)
                0x0000db98                dmConnSmExecute
 .text          0x0000dbdc       0x64 ./BLE_Wicentric\libstacklib.a(dm_dev.o)
                0x0000dbdc                dmDevHciHandler
                0x0000dc04                dmDevMsgHandler
                0x0000dc06                DmDevReset
                0x0000dc0a                DmDevRole
                0x0000dc14                DmDevSetRandAddr
                0x0000dc30                DmDevWhiteListAdd
                0x0000dc34                DmDevWhiteListRemove
                0x0000dc38                DmDevWhiteListClear
                0x0000dc3c                DmDevVsInit
 .text          0x0000dc40       0xa0 ./BLE_Wicentric\libstacklib.a(dm_main.o)
                0x0000dc60                dmEmptyReset
                0x0000dc62                dmEmptyHandler
                0x0000dc64                DmRegister
                0x0000dc70                DmFindAdType
                0x0000dc9e                DmHandlerInit
                0x0000dcc4                DmHandler
 .text          0x0000dce0      0x1cc ./BLE_Wicentric\libstacklib.a(dm_scan.o)
                0x0000dce0                dmScanMsgHandler
                0x0000dcf8                dmScanReset
                0x0000dd18                dmScanActStop
                0x0000dd4c                dmScanActTimeout
                0x0000dd50                dmScanActStart
                0x0000ddc4                dmScanActHciReport
                0x0000de14                dmScanHciHandler
                0x0000de20                DmScanInit
                0x0000de30                DmScanStart
                0x0000de64                DmScanStop
                0x0000de88                DmScanSetInterval
                0x0000de94                DmScanSetAddrType
 .text          0x0000deac      0x254 ./BLE_Wicentric\libstacklib.a(dm_sec.o)
                0x0000deac                dmSecMsgHandler
                0x0000df12                dmSecApiLtkMsg
                0x0000df54                DmSmpCbackExec
                0x0000df80                dmSecHciHandler
                0x0000e048                DmSecCancelReq
                0x0000e068                DmSecAuthRsp
                0x0000e098                DmSecInit
                0x0000e0b8                DmSecSetLocalCsrk
                0x0000e0d0                DmSecSetLocalIrk
                0x0000e0e8                DmSecGetLocalCsrk
                0x0000e0f4                DmSecGetLocalIrk
 .text          0x0000e100       0x9c ./BLE_Wicentric\libstacklib.a(dm_sec_slave.o)
                0x0000e100                DmSecPairRsp
                0x0000e13a                DmSecSlaveReq
                0x0000e15a                DmSecLtkRsp
 .text          0x0000e19c      0x150 ./BLE_Wicentric\libstacklib.a(l2c_main.o)
                0x0000e250                L2cInit
                0x0000e27c                L2cRegister
                0x0000e290                L2cDataReq
                0x0000e2ba                l2cSendCmdReject
 .text          0x0000e2ec      0x110 ./BLE_Wicentric\libstacklib.a(l2c_slave.o)
                0x0000e34c                L2cSlaveInit
                0x0000e35c                L2cDmConnUpdateReq
                0x0000e3d4                L2cSlaveHandlerInit
                0x0000e3e8                L2cSlaveHandler
 .text          0x0000e3fc      0x434 ./BLE_Wicentric\libstacklib.a(smp_main.o)
                0x0000e3fc                smpCcbByHandle
                0x0000e470                smpCcbByConnId
                0x0000e518                smpCalcC1Part1
                0x0000e5b8                smpCalcC1Part2
                0x0000e658                smpCalcS1
                0x0000e694                smpGenerateLtk
                0x0000e6e0                smpSendPkt
                0x0000e714                smpStateIdle
                0x0000e76c                SmpDmMsgSend
                0x0000e77c                SmpDmGetStk
                0x0000e7a4                SmpHandlerInit
                0x0000e7ec                SmpHandler
                0x0000e81c                SmpDmEncryptInd
 .text          0x0000e830       0x14 ./BLE_Wicentric\libstacklib.a(smpr_sm.o)
                0x0000e830                SmprInit
 .text          0x0000e844       0x64 ./BLE_Wicentric\libstacklib.a(bda.o)
                0x0000e844                BdaCpy
                0x0000e84e                BdaCmp
                0x0000e860                BdaClr
                0x0000e870                Bda2Str
 .text          0x0000e8a8       0x34 ./BLE_Wicentric\libstacklib.a(calc128.o)
                0x0000e8a8                Calc128Cpy
                0x0000e8ba                Calc128Cpy64
                0x0000e8c4                Calc128Xor
 .text          0x0000e8dc      0x584 ./BLE_Wicentric\libstacklib.a(smp_act.o)
                0x0000e8dc                smpStartRspTimer
                0x0000e8ea                smpActNone
                0x0000e8ec                smpCleanup
                0x0000e91e                smpActCleanup
                0x0000e922                smpSendPairingFailed
                0x0000e946                smpActPairingFailed
                0x0000e96a                smpActPairingCancel
                0x0000e982                smpActStorePin
                0x0000e9aa                smpActPairCnfCalc1
                0x0000e9cc                smpActPairCnfCalc2
                0x0000e9d6                smpActSendPairCnf
                0x0000ea22                smpActPairCnfVerCalc1
                0x0000ea46                smpActPairCnfVerCalc2
                0x0000ea50                smpSendKey
                0x0000eb90                smpProcRcvKey
                0x0000ec3e                smpActMaxAttempts
                0x0000ec64                smpActAttemptRcvd
                0x0000ec6c                smpActCheckAttempts
                0x0000ec8e                smpActPairingCmpl
                0x0000ecc0                smpSmExecute
                0x0000ed0c                smpAuthReq
                0x0000ed5a                smpProcPairing
 .text          0x0000ee60      0x2f4 ./BLE_Wicentric\libstacklib.a(smpr_act.o)
                0x0000ee60                smprActSendSecurityReq
                0x0000ee8c                smprActCheckSecurityReq
                0x0000ee98                smprActClearSecurityReq
                0x0000eea0                smprActProcPairReq
                0x0000ef14                smprActSendPairRsp
                0x0000ef98                smprActProcPairCnf
                0x0000efb8                smprActProcPairCnfCalc1
                0x0000efda                smprActCnfVerify
                0x0000f038                smprActSendPairRandom
                0x0000f09a                smprActSendKey
                0x0000f0e2                smprActSetupKeyDist
                0x0000f12c                smprActRcvKey
 .text.atan2    0x0000f154        0x4 c:/program files (x86)/gnu tools arm embedded/5.3 2016q1/bin/../lib/gcc/arm-none-eabi/5.3.1/../../../../arm-none-eabi/lib/armv7-m\libm.a(lib_a-w_atan2.o)
                0x0000f154                atan2
 .text.log      0x0000f158      0x100 c:/program files (x86)/gnu tools arm embedded/5.3 2016q1/bin/../lib/gcc/arm-none-eabi/5.3.1/../../../../arm-none-eabi/lib/armv7-m\libm.a(lib_a-w_log.o)
                0x0000f158                log
 .text.pow      0x0000f258      0x330 c:/program files (x86)/gnu tools arm embedded/5.3 2016q1/bin/../lib/gcc/arm-none-eabi/5.3.1/../../../../arm-none-eabi/lib/armv7-m\libm.a(lib_a-w_pow.o)
                0x0000f258                pow
 .text.sqrt     0x0000f588       0xb8 c:/program files (x86)/gnu tools arm embedded/5.3 2016q1/bin/../lib/gcc/arm-none-eabi/5.3.1/../../../../arm-none-eabi/lib/armv7-m\libm.a(lib_a-w_sqrt.o)
                0x0000f588                sqrt
 .text.__ieee754_atan2
                0x0000f640      0x194 c:/program files (x86)/gnu tools arm embedded/5.3 2016q1/bin/../lib/gcc/arm-none-eabi/5.3.1/../../../../arm-none-eabi/lib/armv7-m\libm.a(lib_a-e_atan2.o)
                0x0000f640                __ieee754_atan2
 *fill*         0x0000f7d4        0x4 
 .text.__ieee754_log
                0x0000f7d8      0x3e8 c:/program files (x86)/gnu tools arm embedded/5.3 2016q1/bin/../lib/gcc/arm-none-eabi/5.3.1/../../../../arm-none-eabi/lib/armv7-m\libm.a(lib_a-e_log.o)
                0x0000f7d8                __ieee754_log
 .text.__ieee754_pow
                0x0000fbc0      0xac4 c:/program files (x86)/gnu tools arm embedded/5.3 2016q1/bin/../lib/gcc/arm-none-eabi/5.3.1/../../../../arm-none-eabi/lib/armv7-m\libm.a(lib_a-e_pow.o)
                0x0000fbc0                __ieee754_pow
 .text.__ieee754_sqrt
                0x00010684      0x188 c:/program files (x86)/gnu tools arm embedded/5.3 2016q1/bin/../lib/gcc/arm-none-eabi/5.3.1/../../../../arm-none-eabi/lib/armv7-m\libm.a(lib_a-e_sqrt.o)
                0x00010684                __ieee754_sqrt
 *fill*         0x0001080c        0x4 
 .text.atan     0x00010810      0x33c c:/program files (x86)/gnu tools arm embedded/5.3 2016q1/bin/../lib/gcc/arm-none-eabi/5.3.1/../../../../arm-none-eabi/lib/armv7-m\libm.a(lib_a-s_atan.o)
                0x00010810                atan
 .text.fabs     0x00010b4c        0x8 c:/program files (x86)/gnu tools arm embedded/5.3 2016q1/bin/../lib/gcc/arm-none-eabi/5.3.1/../../../../arm-none-eabi/lib/armv7-m\libm.a(lib_a-s_fabs.o)
                0x00010b4c                fabs
 .text.finite   0x00010b54        0xc c:/program files (x86)/gnu tools arm embedded/5.3 2016q1/bin/../lib/gcc/arm-none-eabi/5.3.1/../../../../arm-none-eabi/lib/armv7-m\libm.a(lib_a-s_finite.o)
                0x00010b54                finite
 .text.matherr  0x00010b60        0x4 c:/program files (x86)/gnu tools arm embedded/5.3 2016q1/bin/../lib/gcc/arm-none-eabi/5.3.1/../../../../arm-none-eabi/lib/armv7-m\libm.a(lib_a-s_matherr.o)
                0x00010b60                matherr
 .text.nan      0x00010b64        0xc c:/program files (x86)/gnu tools arm embedded/5.3 2016q1/bin/../lib/gcc/arm-none-eabi/5.3.1/../../../../arm-none-eabi/lib/armv7-m\libm.a(lib_a-s_nan.o)
                0x00010b64                nan
 .text.rint     0x00010b70      0x120 c:/program files (x86)/gnu tools arm embedded/5.3 2016q1/bin/../lib/gcc/arm-none-eabi/5.3.1/../../../../arm-none-eabi/lib/armv7-m\libm.a(lib_a-s_rint.o)
                0x00010b70                rint
 .text.scalbn   0x00010c90       0xe4 c:/program files (x86)/gnu tools arm embedded/5.3 2016q1/bin/../lib/gcc/arm-none-eabi/5.3.1/../../../../arm-none-eabi/lib/armv7-m\libm.a(lib_a-s_scalbn.o)
                0x00010c90                scalbn
 .text.copysign
                0x00010d74       0x10 c:/program files (x86)/gnu tools arm embedded/5.3 2016q1/bin/../lib/gcc/arm-none-eabi/5.3.1/../../../../arm-none-eabi/lib/armv7-m\libm.a(lib_a-s_copysign.o)
                0x00010d74                copysign
 .text.__errno  0x00010d84        0xc c:/program files (x86)/gnu tools arm embedded/5.3 2016q1/bin/../lib/gcc/arm-none-eabi/5.3.1/../../../../arm-none-eabi/lib/armv7-m\libc.a(lib_a-errno.o)
                0x00010d84                __errno
 .text          0x00010d90      0x370 c:/program files (x86)/gnu tools arm embedded/5.3 2016q1/bin/../lib/gcc/arm-none-eabi/5.3.1/armv7-m\libgcc.a(_arm_addsubdf3.o)
                0x00010d90                __aeabi_drsub
                0x00010d98                __aeabi_dsub
                0x00010d98                __subdf3
                0x00010d9c                __aeabi_dadd
                0x00010d9c                __adddf3
                0x00011014                __floatunsidf
                0x00011014                __aeabi_ui2d
                0x00011034                __floatsidf
                0x00011034                __aeabi_i2d
                0x00011058                __aeabi_f2d
                0x00011058                __extendsfdf2
                0x00011094                __floatundidf
                0x00011094                __aeabi_ul2d
                0x000110a4                __floatdidf
                0x000110a4                __aeabi_l2d
 .text          0x00011100      0x424 c:/program files (x86)/gnu tools arm embedded/5.3 2016q1/bin/../lib/gcc/arm-none-eabi/5.3.1/armv7-m\libgcc.a(_arm_muldivdf3.o)
                0x00011100                __aeabi_dmul
                0x00011100                __muldf3
                0x00011354                __divdf3
                0x00011354                __aeabi_ddiv
 .text          0x00011524      0x110 c:/program files (x86)/gnu tools arm embedded/5.3 2016q1/bin/../lib/gcc/arm-none-eabi/5.3.1/armv7-m\libgcc.a(_arm_cmpdf2.o)
                0x00011524                __gtdf2
                0x00011524                __gedf2
                0x0001152c                __ltdf2
                0x0001152c                __ledf2
                0x00011534                __nedf2
                0x00011534                __eqdf2
                0x00011534                __cmpdf2
                0x000115b0                __aeabi_cdrcmple
                0x000115c0                __aeabi_cdcmpeq
                0x000115c0                __aeabi_cdcmple
                0x000115d0                __aeabi_dcmpeq
                0x000115e4                __aeabi_dcmplt
                0x000115f8                __aeabi_dcmple
                0x0001160c                __aeabi_dcmpge
                0x00011620                __aeabi_dcmpgt
 .text          0x00011634       0x2c c:/program files (x86)/gnu tools arm embedded/5.3 2016q1/bin/../lib/gcc/arm-none-eabi/5.3.1/armv7-m\libgcc.a(_arm_unorddf2.o)
                0x00011634                __unorddf2
                0x00011634                __aeabi_dcmpun
 .text          0x00011660       0x50 c:/program files (x86)/gnu tools arm embedded/5.3 2016q1/bin/../lib/gcc/arm-none-eabi/5.3.1/armv7-m\libgcc.a(_arm_fixdfsi.o)
                0x00011660                __aeabi_d2iz
                0x00011660                __fixdfsi
 .text          0x000116b0       0x40 c:/program files (x86)/gnu tools arm embedded/5.3 2016q1/bin/../lib/gcc/arm-none-eabi/5.3.1/armv7-m\libgcc.a(_arm_fixunsdfsi.o)
                0x000116b0                __aeabi_d2uiz
                0x000116b0                __fixunsdfsi
 .text          0x000116f0       0x30 c:/program files (x86)/gnu tools arm embedded/5.3 2016q1/bin/../lib/gcc/arm-none-eabi/5.3.1/armv7-m\libgcc.a(_aeabi_uldivmod.o)
                0x000116f0                __aeabi_uldivmod
 .text          0x00011720      0x2ec c:/program files (x86)/gnu tools arm embedded/5.3 2016q1/bin/../lib/gcc/arm-none-eabi/5.3.1/armv7-m\libgcc.a(_udivmoddi4.o)
                0x00011720                __udivmoddi4
 .text          0x00011a0c        0x4 c:/program files (x86)/gnu tools arm embedded/5.3 2016q1/bin/../lib/gcc/arm-none-eabi/5.3.1/armv7-m\libgcc.a(_dvmd_tls.o)
                0x00011a0c                __aeabi_idiv0
                0x00011a0c                __aeabi_ldiv0
 *(.rodata*)
 .rodata.hciLeEventMask
                0x00011a10        0x8 ./Build/hci_core.o
                0x00011a10                hciLeEventMask
 .rodata.hciEvtParseFcnTbl
                0x00011a18       0x58 ./Build/hci_evt.o
 .rodata.hciEvtCbackLen
                0x00011a70       0x16 ./Build/hci_evt.o
 *fill*         0x00011a86        0x2 
 .rodata.battValSvc
                0x00011a88        0x2 ./Build/svc_batt.o
 .rodata.battLenSvc
                0x00011a8a        0x2 ./Build/svc_batt.o
 .rodata.battValLvlCh
                0x00011a8c        0x5 ./Build/svc_batt.o
 *fill*         0x00011a91        0x1 
 .rodata.battLenLvlCh
                0x00011a92        0x2 ./Build/svc_batt.o
 .rodata.battLenLvl
                0x00011a94        0x2 ./Build/svc_batt.o
 .rodata.battLenLvlChCcc
                0x00011a96        0x2 ./Build/svc_batt.o
 .rodata.battList
                0x00011a98       0x40 ./Build/svc_batt.o
 .rodata.gapValSvc
                0x00011ad8        0x2 ./Build/svc_core.o
 .rodata.gapLenSvc
                0x00011ada        0x2 ./Build/svc_core.o
 .rodata.gapValDnCh
                0x00011adc        0x5 ./Build/svc_core.o
 *fill*         0x00011ae1        0x1 
 .rodata.gapLenDnCh
                0x00011ae2        0x2 ./Build/svc_core.o
 .rodata.gapValApCh
                0x00011ae4        0x5 ./Build/svc_core.o
 *fill*         0x00011ae9        0x1 
 .rodata.gapLenApCh
                0x00011aea        0x2 ./Build/svc_core.o
 .rodata.gapLenAp
                0x00011aec        0x2 ./Build/svc_core.o
 *fill*         0x00011aee        0x2 
 .rodata.gapList
                0x00011af0       0x50 ./Build/svc_core.o
 .rodata.gattValSvc
                0x00011b40        0x2 ./Build/svc_core.o
 .rodata.gattLenSvc
                0x00011b42        0x2 ./Build/svc_core.o
 .rodata.gattValScCh
                0x00011b44        0x5 ./Build/svc_core.o
 *fill*         0x00011b49        0x1 
 .rodata.gattLenScCh
                0x00011b4a        0x2 ./Build/svc_core.o
 .rodata.gattValSc
                0x00011b4c        0x4 ./Build/svc_core.o
 .rodata.gattLenSc
                0x00011b50        0x2 ./Build/svc_core.o
 .rodata.gattLenScChCcc
                0x00011b52        0x2 ./Build/svc_core.o
 .rodata.gattList
                0x00011b54       0x40 ./Build/svc_core.o
 .rodata.disValSvc
                0x00011b94        0x2 ./Build/svc_dis.o
 .rodata.disLenSvc
                0x00011b96        0x2 ./Build/svc_dis.o
 .rodata.disValMfrCh
                0x00011b98        0x5 ./Build/svc_dis.o
 *fill*         0x00011b9d        0x1 
 .rodata.disLenMfrCh
                0x00011b9e        0x2 ./Build/svc_dis.o
 .rodata.disUuMfr
                0x00011ba0        0x2 ./Build/svc_dis.o
 *fill*         0x00011ba2        0x2 
 .rodata.disValMfr
                0x00011ba4        0xf ./Build/svc_dis.o
 *fill*         0x00011bb3        0x1 
 .rodata.disLenMfr
                0x00011bb4        0x2 ./Build/svc_dis.o
 *fill*         0x00011bb6        0x2 
 .rodata.disValSidCh
                0x00011bb8        0x5 ./Build/svc_dis.o
 *fill*         0x00011bbd        0x1 
 .rodata.disLenSidCh
                0x00011bbe        0x2 ./Build/svc_dis.o
 .rodata.disUuSid
                0x00011bc0        0x2 ./Build/svc_dis.o
 .rodata.disLenSid
                0x00011bc2        0x2 ./Build/svc_dis.o
 .rodata.disValMnCh
                0x00011bc4        0x5 ./Build/svc_dis.o
 *fill*         0x00011bc9        0x1 
 .rodata.disLenMnCh
                0x00011bca        0x2 ./Build/svc_dis.o
 .rodata.disUuMn
                0x00011bcc        0x2 ./Build/svc_dis.o
 *fill*         0x00011bce        0x2 
 .rodata.disValMn
                0x00011bd0       0x14 ./Build/svc_dis.o
 .rodata.disLenMn
                0x00011be4        0x2 ./Build/svc_dis.o
 *fill*         0x00011be6        0x2 
 .rodata.disValSnCh
                0x00011be8        0x5 ./Build/svc_dis.o
 *fill*         0x00011bed        0x1 
 .rodata.disLenSnCh
                0x00011bee        0x2 ./Build/svc_dis.o
 .rodata.disUuSn
                0x00011bf0        0x2 ./Build/svc_dis.o
 *fill*         0x00011bf2        0x2 
 .rodata.disValSn
                0x00011bf4       0x15 ./Build/svc_dis.o
 *fill*         0x00011c09        0x1 
 .rodata.disLenSn
                0x00011c0a        0x2 ./Build/svc_dis.o
 .rodata.disValFwrCh
                0x00011c0c        0x5 ./Build/svc_dis.o
 *fill*         0x00011c11        0x1 
 .rodata.disLenFwrCh
                0x00011c12        0x2 ./Build/svc_dis.o
 .rodata.disUuFwr
                0x00011c14        0x2 ./Build/svc_dis.o
 *fill*         0x00011c16        0x2 
 .rodata.disValFwr
                0x00011c18       0x11 ./Build/svc_dis.o
 *fill*         0x00011c29        0x1 
 .rodata.disLenFwr
                0x00011c2a        0x2 ./Build/svc_dis.o
 .rodata.disValHwrCh
                0x00011c2c        0x5 ./Build/svc_dis.o
 *fill*         0x00011c31        0x1 
 .rodata.disLenHwrCh
                0x00011c32        0x2 ./Build/svc_dis.o
 .rodata.disUuHwr
                0x00011c34        0x2 ./Build/svc_dis.o
 *fill*         0x00011c36        0x2 
 .rodata.disValHwr
                0x00011c38       0x11 ./Build/svc_dis.o
 *fill*         0x00011c49        0x1 
 .rodata.disLenHwr
                0x00011c4a        0x2 ./Build/svc_dis.o
 .rodata.disValSwrCh
                0x00011c4c        0x5 ./Build/svc_dis.o
 *fill*         0x00011c51        0x1 
 .rodata.disLenSwrCh
                0x00011c52        0x2 ./Build/svc_dis.o
 .rodata.disUuSwr
                0x00011c54        0x2 ./Build/svc_dis.o
 *fill*         0x00011c56        0x2 
 .rodata.disValSwr
                0x00011c58       0x11 ./Build/svc_dis.o
 *fill*         0x00011c69        0x1 
 .rodata.disLenSwr
                0x00011c6a        0x2 ./Build/svc_dis.o
 .rodata.disValRcdCh
                0x00011c6c        0x5 ./Build/svc_dis.o
 *fill*         0x00011c71        0x1 
 .rodata.disLenRcdCh
                0x00011c72        0x2 ./Build/svc_dis.o
 .rodata.disUuRcd
                0x00011c74        0x2 ./Build/svc_dis.o
 *fill*         0x00011c76        0x2 
 .rodata.disValRcd
                0x00011c78        0x6 ./Build/svc_dis.o
 .rodata.disLenRcd
                0x00011c7e        0x2 ./Build/svc_dis.o
 .rodata.disList
                0x00011c80      0x110 ./Build/svc_dis.o
 .rodata.svcHrmUuid
                0x00011d90        0x2 ./Build/svc_hrs.o
 *fill*         0x00011d92        0x2 
 .rodata.svcSlUuid
                0x00011d94        0x2 ./Build/svc_hrs.o
 *fill*         0x00011d96        0x2 
 .rodata.svcCpUuid
                0x00011d98        0x2 ./Build/svc_hrs.o
 *fill*         0x00011d9a        0x2 
 .rodata.hrsValSvc
                0x00011d9c        0x2 ./Build/svc_hrs.o
 .rodata.hrsLenSvc
                0x00011d9e        0x2 ./Build/svc_hrs.o
 .rodata.hrsValHrmCh
                0x00011da0        0x5 ./Build/svc_hrs.o
 *fill*         0x00011da5        0x1 
 .rodata.hrsLenHrmCh
                0x00011da6        0x2 ./Build/svc_hrs.o
 .rodata.hrsValHrm
                0x00011da8        0x1 ./Build/svc_hrs.o
 *fill*         0x00011da9        0x1 
 .rodata.hrsLenHrm
                0x00011daa        0x2 ./Build/svc_hrs.o
 .rodata.hrsLenHrmChCcc
                0x00011dac        0x2 ./Build/svc_hrs.o
 *fill*         0x00011dae        0x2 
 .rodata.hrsValSlCh
                0x00011db0        0x5 ./Build/svc_hrs.o
 *fill*         0x00011db5        0x1 
 .rodata.hrsLenSlCh
                0x00011db6        0x2 ./Build/svc_hrs.o
 .rodata.hrsLenSl
                0x00011db8        0x2 ./Build/svc_hrs.o
 *fill*         0x00011dba        0x2 
 .rodata.hrsValCpCh
                0x00011dbc        0x5 ./Build/svc_hrs.o
 *fill*         0x00011dc1        0x1 
 .rodata.hrsLenCpCh
                0x00011dc2        0x2 ./Build/svc_hrs.o
 .rodata.hrsValCp
                0x00011dc4        0x1 ./Build/svc_hrs.o
 *fill*         0x00011dc5        0x1 
 .rodata.hrsLenCp
                0x00011dc6        0x2 ./Build/svc_hrs.o
 .rodata.hrsList
                0x00011dc8       0x80 ./Build/svc_hrs.o
 .rodata.attCfg
                0x00011e48        0x6 ./Build/cfg_stack.o
                0x00011e48                attCfg
 *fill*         0x00011e4e        0x2 
 .rodata.smpCfg
                0x00011e50        0x8 ./Build/cfg_stack.o
                0x00011e50                smpCfg
 .rodata.fitSlaveCfg
                0x00011e58        0xc ./Build/fit_main.o
 .rodata.fitSecCfg
                0x00011e64        0x5 ./Build/fit_main.o
 *fill*         0x00011e69        0x3 
 .rodata.fitUpdateCfg
                0x00011e6c        0xc ./Build/fit_main.o
 .rodata.fitHrpsCfg
                0x00011e78        0x2 ./Build/fit_main.o
 *fill*         0x00011e7a        0x2 
 .rodata.fitBasCfg
                0x00011e7c        0x6 ./Build/fit_main.o
 *fill*         0x00011e82        0x2 
 .rodata.fitAdvDataDisc
                0x00011e84        0xe ./Build/fit_main.o
 *fill*         0x00011e92        0x2 
 .rodata.fitScanDataDisc
                0x00011e94        0xe ./Build/fit_main.o
 *fill*         0x00011ea2        0x2 
 .rodata.fitCccSet
                0x00011ea4       0x12 ./Build/fit_main.o
 *fill*         0x00011eb6        0x2 
 .rodata.str1.4
                0x00011eb8        0x2 c:/program files (x86)/gnu tools arm embedded/5.3 2016q1/bin/../lib/gcc/arm-none-eabi/5.3.1/../../../../arm-none-eabi/lib/armv7-m\libc.a(lib_a-impure.o)
 *fill*         0x00011eba        0x2 
 .rodata        0x00011ebc       0x10 ./BLE_Wicentric\libstacklib.a(att_main.o)
                0x00011ebc                attFcnDefault
 .rodata        0x00011ecc       0xea ./BLE_Wicentric\libstacklib.a(att_uuid.o)
                0x00011ecc                attWsmChUuid
                0x00011ece                attWssSvcUuid
                0x00011ed0                attRacpChUuid
                0x00011ed2                attGlfChUuid
                0x00011ed4                attPnpChUuid
                0x00011ed6                attSiwChUuid
                0x00011ed8                attPmChUuid
                0x00011eda                attRepChUuid
                0x00011edc                attHidcpChUuid
                0x00011ede                attRmChUuid
                0x00011ee0                attHidiChUuid
                0x00011ee2                attBpfChUuid
                0x00011ee4                attSuacChUuid
                0x00011ee6                attSnacChUuid
                0x00011ee8                attNaChUuid
                0x00011eea                attUasChUuid
                0x00011eec                attAncpChUuid
                0x00011eee                attAcChUuid
                0x00011ef0                attAcbmChUuid
                0x00011ef2                attRsChUuid
                0x00011ef4                attRcpChUuid
                0x00011ef6                attAsChUuid
                0x00011ef8                attNwaChUuid
                0x00011efa                attStrChUuid
                0x00011efc                attStcChUuid
                0x00011efe                attSrChUuid
                0x00011f00                attRemChUuid
                0x00011f02                attHrcpChUuid
                0x00011f04                attBslChUuid
                0x00011f06                attHrmChUuid
                0x00011f08                attIcpChUuid
                0x00011f0a                attBpmChUuid
                0x00011f0c                attGlmcChUuid
                0x00011f0e                attHidvChUuid
                0x00011f10                attPidChUuid
                0x00011f12                attVidChUuid
                0x00011f14                attP3dChUuid
                0x00011f16                attP2dChUuid
                0x00011f18                attLongChUuid
                0x00011f1a                attLatChUuid
                0x00011f1c                attElChUuid
                0x00011f1e                attCtChUuid
                0x00011f20                attIeeeChUuid
                0x00011f22                attMfnsChUuid
                0x00011f24                attSrsChUuid
                0x00011f26                attHrsChUuid
                0x00011f28                attFrsChUuid
                0x00011f2a                attSnsChUuid
                0x00011f2c                attMnsChUuid
                0x00011f2e                attSidChUuid
                0x00011f30                attHbrpChUuid
                0x00011f32                attMiChUuid
                0x00011f34                attTfahChUuid
                0x00011f36                attTcelChUuid
                0x00011f38                attItChUuid
                0x00011f3a                attTtChUuid
                0x00011f3c                attTmChUuid
                0x00011f3e                attBlsChUuid
                0x00011f40                attBpsChUuid
                0x00011f42                attBlChUuid
                0x00011f44                attGlmChUuid
                0x00011f46                attTusChUuid
                0x00011f48                attTucpChUuid
                0x00011f4a                attTbChUuid
                0x00011f4c                attRtiChUuid
                0x00011f4e                attTsChUuid
                0x00011f50                attTaChUuid
                0x00011f52                attTdstChUuid
                0x00011f54                attStzChUuid
                0x00011f56                attLtiChUuid
                0x00011f58                attTzChUuid
                0x00011f5a                attDstoChUuid
                0x00011f5c                attEt256ChUuid
                0x00011f5e                attEt100ChUuid
                0x00011f60                attDdtChUuid
                0x00011f62                attDwChUuid
                0x00011f64                attDtChUuid
                0x00011f66                attTxpChUuid
                0x00011f68                attAlChUuid
                0x00011f6a                attScChUuid
                0x00011f6c                attPpcpChUuid
                0x00011f6e                attRaChUuid
                0x00011f70                attPpfChUuid
                0x00011f72                attApChUuid
                0x00011f74                attDnChUuid
                0x00011f76                attHidRimUuid
                0x00011f78                attValRangeUuid
                0x00011f7a                attAggFmtUuid
                0x00011f7c                attChPresFmtUuid
                0x00011f7e                attSrvChCfgUuid
                0x00011f80                attCliChCfgUuid
                0x00011f82                attChUserDescUuid
                0x00011f84                attChExtUuid
                0x00011f86                attChUuid
                0x00011f88                attIncUuid
                0x00011f8a                attSecSvcUuid
                0x00011f8c                attPrimSvcUuid
                0x00011f8e                attSpsSvcUuid
                0x00011f90                attHidSvcUuid
                0x00011f92                attAnsSvcUuid
                0x00011f94                attBpsSvcUuid
                0x00011f96                attBasSvcUuid
                0x00011f98                attPassSvcUuid
                0x00011f9a                attHrsSvcUuid
                0x00011f9c                attWdsSvcUuid
                0x00011f9e                attNwaSvcUuid
                0x00011fa0                attDisSvcUuid
                0x00011fa2                attHtsSvcUuid
                0x00011fa4                attGlsSvcUuid
                0x00011fa6                attNdcsSvcUuid
                0x00011fa8                attRtusSvcUuid
                0x00011faa                attCtsSvcUuid
                0x00011fac                attTpsSvcUuid
                0x00011fae                attLlsSvcUuid
                0x00011fb0                attIasSvcUuid
                0x00011fb2                attGattSvcUuid
                0x00011fb4                attGapSvcUuid
 *fill*         0x00011fb6        0x2 
 .rodata        0x00011fb8       0x44 ./BLE_Wicentric\libstacklib.a(attc_main.o)
 .rodata        0x00011ffc       0x34 ./BLE_Wicentric\libstacklib.a(attc_proc.o)
 .rodata        0x00012030       0x10 ./BLE_Wicentric\libstacklib.a(atts_ind.o)
 .rodata        0x00012040       0x24 ./BLE_Wicentric\libstacklib.a(atts_main.o)
 .rodata        0x00012064        0x2 ./BLE_Wicentric\libstacklib.a(atts_read.o)
 *fill*         0x00012066        0x2 
 .rodata        0x00012068       0x18 ./BLE_Wicentric\libstacklib.a(dm_adv.o)
 .rodata        0x00012080       0x30 ./BLE_Wicentric\libstacklib.a(dm_conn.o)
 .rodata        0x000120b0       0x18 ./BLE_Wicentric\libstacklib.a(dm_conn_slave.o)
 .rodata        0x000120c8       0x82 ./BLE_Wicentric\libstacklib.a(dm_conn_sm.o)
 *fill*         0x0001214a        0x2 
 .rodata        0x0001214c        0xc ./BLE_Wicentric\libstacklib.a(dm_dev.o)
                0x0001214c                dmDevFcnIf
 .rodata        0x00012158       0x20 ./BLE_Wicentric\libstacklib.a(dm_main.o)
 .rodata        0x00012178       0x18 ./BLE_Wicentric\libstacklib.a(dm_scan.o)
 .rodata        0x00012190        0xc ./BLE_Wicentric\libstacklib.a(dm_sec.o)
 .rodata        0x0001219c        0xc ./BLE_Wicentric\libstacklib.a(smp_main.o)
                0x0001219c                smpPktLenTbl
 .rodata        0x000121a8      0x144 ./BLE_Wicentric\libstacklib.a(smpr_sm.o)
                0x000121a8                smprSmIf
                0x000121b4                smprStateTbl
 .rodata        0x000122ec       0x11 ./BLE_Wicentric\libstacklib.a(bda.o)
 .rodata        0x000122fd       0x10 ./BLE_Wicentric\libstacklib.a(calc128.o)
                0x000122fd                calc128Zeros
 *fill*         0x0001230d        0x3 
 .rodata.str1.4
                0x00012310        0x4 c:/program files (x86)/gnu tools arm embedded/5.3 2016q1/bin/../lib/gcc/arm-none-eabi/5.3.1/../../../../arm-none-eabi/lib/armv7-m\libm.a(lib_a-w_log.o)
                                  0x5 (size before relaxing)
 .rodata.str1.4
                0x00012314        0x4 c:/program files (x86)/gnu tools arm embedded/5.3 2016q1/bin/../lib/gcc/arm-none-eabi/5.3.1/../../../../arm-none-eabi/lib/armv7-m\libm.a(lib_a-w_pow.o)
 .rodata.str1.4
                0x00012318        0x8 c:/program files (x86)/gnu tools arm embedded/5.3 2016q1/bin/../lib/gcc/arm-none-eabi/5.3.1/../../../../arm-none-eabi/lib/armv7-m\libm.a(lib_a-w_sqrt.o)
                                  0x5 (size before relaxing)
 .rodata.str1.4
                0x00012320        0x1 c:/program files (x86)/gnu tools arm embedded/5.3 2016q1/bin/../lib/gcc/arm-none-eabi/5.3.1/../../../../arm-none-eabi/lib/armv7-m\libm.a(lib_a-e_pow.o)
 .rodata.atanlo
                0x00012320       0x20 c:/program files (x86)/gnu tools arm embedded/5.3 2016q1/bin/../lib/gcc/arm-none-eabi/5.3.1/../../../../arm-none-eabi/lib/armv7-m\libm.a(lib_a-s_atan.o)
 .rodata.atanhi
                0x00012340       0x20 c:/program files (x86)/gnu tools arm embedded/5.3 2016q1/bin/../lib/gcc/arm-none-eabi/5.3.1/../../../../arm-none-eabi/lib/armv7-m\libm.a(lib_a-s_atan.o)
 .rodata.TWO52  0x00012360       0x10 c:/program files (x86)/gnu tools arm embedded/5.3 2016q1/bin/../lib/gcc/arm-none-eabi/5.3.1/../../../../arm-none-eabi/lib/armv7-m\libm.a(lib_a-s_rint.o)

.glue_7         0x00012370        0x0
 .glue_7        0x00012370        0x0 linker stubs

.glue_7t        0x00012370        0x0
 .glue_7t       0x00012370        0x0 linker stubs

.vfp11_veneer   0x00012370        0x0
 .vfp11_veneer  0x00012370        0x0 linker stubs

.v4_bx          0x00012370        0x0
 .v4_bx         0x00012370        0x0 linker stubs

.iplt           0x00012370        0x0
 .iplt          0x00012370        0x0 Libraries\libmax32600.a(startup_max32600.o)

.ARM.exidx      0x00012370        0x8
                0x00012370                __exidx_start = .
 *(.ARM.exidx*)
 .ARM.exidx     0x00012370        0x8 c:/program files (x86)/gnu tools arm embedded/5.3 2016q1/bin/../lib/gcc/arm-none-eabi/5.3.1/armv7-m\libgcc.a(_udivmoddi4.o)
                0x00012378                __exidx_end = .
                0x00012378                _etext = ALIGN (., 0x4)

.rel.dyn        0x00012378        0x0
 .rel.iplt      0x00012378        0x0 Libraries\libmax32600.a(startup_max32600.o)

.data           0x20000000      0x621 load address 0x00012378
                0x20000000                _data = .
 *(.data*)
 .data.SystemCoreClock
                0x20000000        0x4 Libraries\libmax32600.a(system_max32600.o)
                0x20000000                SystemCoreClock